\BOOKMARK [0][-]{chapter.1}{\376\377\000I\000n\000t\000r\000o\000d\000u\000c\000t\000i\000o\000n}{}% 1
\BOOKMARK [1][-]{section.1.1}{\376\377\000P\000r\000o\000b\000l\000e\000m\000\040\000S\000t\000a\000t\000e\000m\000e\000n\000t}{chapter.1}% 2
\BOOKMARK [1][-]{section.1.2}{\376\377\000R\000e\000l\000a\000t\000e\000d\000\040\000W\000o\000r\000k}{chapter.1}% 3
\BOOKMARK [0][-]{chapter.2}{\376\377\000P\000r\000e\000l\000i\000m\000i\000n\000a\000r\000i\000e\000s\000\040\000o\000n\000\040\000S\000p\000e\000c\000i\000a\000l\000\040\000E\000m\000b\000e\000d\000d\000e\000d\000\040\000M\000a\000t\000r\000i\000x\000\040\000L\000i\000e\000\040\000G\000r\000o\000u\000p\000s}{}% 4
\BOOKMARK [1][-]{section.2.1}{\376\377\000S\000p\000e\000c\000i\000a\000l\000\040\000M\000a\000t\000r\000i\000x\000\040\000L\000i\000e\000\040\000G\000r\000o\000u\000p\000s}{chapter.2}% 5
\BOOKMARK [1][-]{section.2.2}{\376\377\000S\000p\000e\000c\000i\000a\000l\000\040\000L\000i\000e\000\040\000A\000l\000g\000e\000b\000r\000a\000s}{chapter.2}% 6
\BOOKMARK [0][-]{chapter.3}{\376\377\000C\000o\000n\000t\000i\000n\000u\000o\000u\000s\000\040\000M\000e\000c\000h\000a\000n\000i\000c\000s\000\040\000o\000f\000\040\000R\000i\000g\000i\000d\000\040\000B\000o\000d\000i\000e\000s\000\040\000o\000n\000\040\000L\000i\000e\000\040\000G\000r\000o\000u\000p\000s}{}% 7
\BOOKMARK [1][-]{section.3.1}{\376\377\000L\000a\000g\000r\000a\000n\000g\000i\000a\000n\000\040\000M\000e\000c\000h\000a\000n\000i\000c\000s}{chapter.3}% 8
\BOOKMARK [2][-]{subsection.3.1.1}{\376\377\000E\000u\000l\000e\000r\040\023\000L\000a\000g\000r\000a\000n\000g\000e\000\040\000E\000q\000u\000a\000t\000i\000o\000n\000s}{section.3.1}% 9
\BOOKMARK [2][-]{subsection.3.1.2}{\376\377\000L\000e\000g\000e\000n\000d\000r\000e\000\040\000T\000r\000a\000n\000s\000f\000o\000r\000m\000a\000t\000i\000o\000n\000\040\000a\000n\000d\000\040\000H\000a\000m\000i\000l\000t\000o\000n\000i\000a\000n\000\040\000M\000e\000c\000h\000a\000n\000i\000c\000s}{section.3.1}% 10
\BOOKMARK [2][-]{subsection.3.1.3}{\376\377\000P\000r\000o\000p\000e\000r\000t\000i\000e\000s\000\040\000o\000f\000\040\000t\000h\000e\000\040\000L\000a\000g\000r\000a\000n\000g\000i\000a\000n\000\040\000F\000l\000o\000w}{section.3.1}% 11
\BOOKMARK [1][-]{section.3.2}{\376\377\000U\000n\000f\000o\000r\000c\000e\000d\000\040\0003\000D\000-\000P\000e\000n\000d\000u\000l\000u\000m}{chapter.3}% 12
\BOOKMARK [2][-]{subsection.3.2.1}{\376\377\000D\000e\000r\000i\000v\000a\000t\000i\000o\000n\000\040\000o\000f\000\040\000L\000i\000e\000\040\000G\000r\000o\000u\000p\000\040\000M\000e\000c\000h\000a\000n\000i\000c\000s}{section.3.2}% 13
\BOOKMARK [2][-]{subsection.3.2.2}{\376\377\000V\000e\000r\000i\000f\000i\000c\000a\000t\000i\000o\000n\000\040\000o\000f\000\040\000M\000o\000m\000e\000n\000t\000u\000m\000\040\000C\000o\000n\000s\000e\000r\000v\000a\000t\000i\000o\000n}{section.3.2}% 14
\BOOKMARK [0][-]{chapter.4}{\376\377\000D\000i\000s\000c\000r\000e\000t\000e\000\040\000M\000e\000c\000h\000a\000n\000i\000c\000s\000\040\000f\000o\000r\000\040\000R\000i\000g\000i\000d\000\040\000B\000o\000d\000i\000e\000s\000\040\000o\000n\000\040\000L\000i\000e\000\040\000G\000r\000o\000u\000p\000s}{}% 15
\BOOKMARK [1][-]{section.4.1}{\376\377\000D\000i\000s\000c\000r\000e\000t\000e\000\040\000L\000a\000g\000r\000a\000n\000g\000i\000a\000n\000\040\000M\000e\000c\000h\000a\000n\000i\000c\000s}{chapter.4}% 16
\BOOKMARK [2][-]{subsection.4.1.1}{\376\377\000D\000i\000s\000c\000r\000e\000t\000e\000\040\000E\000u\000l\000e\000r\040\023\000L\000a\000g\000r\000a\000n\000g\000e\000\040\000E\000q\000u\000a\000t\000i\000o\000n\000s}{section.4.1}% 17
\BOOKMARK [2][-]{subsection.4.1.2}{\376\377\000D\000i\000s\000c\000r\000e\000t\000e\000\040\000L\000e\000g\000e\000n\000d\000r\000e\000\040\000T\000r\000a\000n\000s\000f\000o\000r\000m\000a\000t\000i\000o\000n\000\040\000a\000n\000d\000\040\000H\000a\000m\000i\000l\000t\000o\000n\000i\000a\000n\000\040\000M\000e\000c\000h\000a\000n\000i\000c\000s}{section.4.1}% 18
\BOOKMARK [2][-]{subsection.4.1.3}{\376\377\000P\000r\000o\000p\000e\000r\000t\000i\000e\000s\000\040\000o\000f\000\040\000t\000h\000e\000\040\000D\000i\000s\000c\000r\000e\000t\000e\000\040\000L\000a\000g\000r\000a\000n\000g\000i\000a\000n\000\040\000F\000l\000o\000w}{section.4.1}% 19
\BOOKMARK [2][-]{subsection.4.1.4}{\376\377\000F\000o\000r\000c\000e\000d\000\040\000D\000i\000s\000c\000r\000e\000t\000e\000\040\000E\000u\000l\000e\000r\000-\000L\000a\000g\000r\000a\000n\000g\000e\000\040\000E\000q\000u\000a\000t\000i\000o\000n\000s}{section.4.1}% 20
\BOOKMARK [2][-]{subsection.4.1.5}{\376\377\000C\000o\000m\000p\000u\000t\000a\000t\000i\000o\000n\000a\000l\000\040\000I\000m\000p\000l\000e\000m\000e\000n\000t\000a\000t\000i\000o\000n}{section.4.1}% 21
\BOOKMARK [1][-]{section.4.2}{\376\377\000S\000i\000n\000g\000l\000e\000\040\000R\000i\000g\000i\000d\000\040\000B\000o\000d\000y\000\040\000S\000y\000s\000t\000e\000m\000s}{chapter.4}% 22
\BOOKMARK [2][-]{subsection.4.2.1}{\376\377\0003\000D\000-\000P\000e\000n\000d\000u\000l\000u\000m}{section.4.2}% 23
\BOOKMARK [1][-]{section.4.3}{\376\377\000M\000u\000l\000t\000i\000-\000b\000o\000d\000y\000\040\000S\000y\000s\000t\000e\000m\000s}{chapter.4}% 24
\BOOKMARK [2][-]{subsection.4.3.1}{\376\377\000A\000c\000r\000o\000b\000o\000t}{section.4.3}% 25
\BOOKMARK [0][-]{chapter.5}{\376\377\000C\000e\000r\000t\000i\000f\000i\000a\000b\000l\000e\000\040\000T\000r\000a\000j\000e\000c\000t\000o\000r\000y\000\040\000O\000p\000t\000i\000m\000i\000z\000a\000t\000i\000o\000n\000\040\000v\000i\000a\000\040\000S\000e\000m\000i\000d\000e\000f\000i\000n\000i\000t\000e\000\040\000R\000e\000l\000a\000x\000a\000t\000i\000o\000n}{}% 26
\BOOKMARK [1][-]{section.5.1}{\376\377\000D\000i\000s\000c\000r\000e\000t\000e\000\040\000M\000o\000t\000i\000o\000n\000\040\000P\000l\000a\000n\000n\000i\000n\000g\000\040\000o\000f\000\040\000R\000i\000g\000i\000d\000-\000B\000o\000d\000y\000\040\000S\000y\000s\000t\000e\000m\000s}{chapter.5}% 27
\BOOKMARK [1][-]{section.5.2}{\376\377\000S\000e\000m\000i\000d\000e\000f\000i\000n\000i\000t\000e\000\040\000O\000p\000t\000i\000m\000i\000z\000a\000t\000i\000o\000n\000\040\000a\000n\000d\000\040\000R\000e\000l\000a\000x\000a\000t\000i\000o\000n}{chapter.5}% 28
\BOOKMARK [2][-]{subsection.5.2.1}{\376\377\000S\000e\000m\000i\000d\000e\000f\000i\000n\000i\000t\000e\000\040\000R\000e\000l\000a\000x\000a\000t\000i\000o\000n\000\040\000a\000n\000d\000\040\000t\000h\000e\000\040\000M\000o\000m\000e\000n\000t\000-\000S\000O\000S\000\040\000H\000i\000e\000r\000a\000r\000c\000h\000y}{section.5.2}% 29
\BOOKMARK [2][-]{subsection.5.2.2}{\376\377\000S\000p\000a\000r\000s\000e\000\040\000R\000e\000l\000a\000x\000a\000t\000i\000o\000n\000s}{section.5.2}% 30
\BOOKMARK [1][-]{section.5.3}{\376\377\000D\000i\000s\000c\000r\000e\000t\000e\000\040\000M\000o\000t\000i\000o\000n\000\040\000P\000l\000a\000n\000n\000i\000n\000g\000\040\000f\000o\000r\000\040\000t\000h\000e\000\040\0003\000D\000-\000P\000e\000n\000d\000u\000l\000u\000m}{chapter.5}% 31
\BOOKMARK [1][-]{section.5.4}{\376\377\000D\000i\000s\000c\000r\000e\000t\000e\000\040\000M\000o\000t\000i\000o\000n\000\040\000P\000l\000a\000n\000n\000i\000n\000g\000\040\000f\000o\000r\000\040\000a\000n\000\040\000A\000c\000r\000o\000b\000o\000t}{chapter.5}% 32
\BOOKMARK [2][-]{subsection.5.4.1}{\376\377\000T\000r\000a\000j\000e\000c\000t\000o\000r\000y\000\040\000O\000p\000t\000i\000m\000i\000z\000a\000t\000i\000o\000n\000\040\000v\000i\000a\000\040\000S\000D\000P\000\040\000R\000e\000l\000a\000x\000a\000t\000i\000o\000n}{section.5.4}% 33
\BOOKMARK [2][-]{subsection.5.4.2}{\376\377\000T\000r\000a\000j\000e\000c\000t\000o\000r\000y\000\040\000O\000p\000t\000i\000m\000i\000z\000a\000t\000i\000o\000n\000\040\000v\000i\000a\000\040\000S\000e\000m\000i\000d\000e\000f\000i\000n\000i\000t\000e\000\040\000R\000e\000l\000a\000x\000a\000t\000i\000o\000n\000\040\000u\000s\000i\000n\000g\000\040\000M\000o\000d\000e\000l\000\040\000P\000r\000e\000d\000i\000c\000t\000i\000v\000e\000\040\000C\000o\000n\000t\000r\000o\000l}{section.5.4}% 34
\BOOKMARK [0][-]{chapter.6}{\376\377\000E\000v\000a\000l\000u\000a\000t\000i\000o\000n}{}% 35
\BOOKMARK [1][-]{section.6.1}{\376\377\000N\000u\000m\000e\000r\000i\000c\000a\000l\000\040\000S\000i\000m\000u\000l\000a\000t\000i\000o\000n\000\040\000R\000e\000s\000u\000l\000t\000s}{chapter.6}% 36
\BOOKMARK [2][-]{subsection.6.1.1}{\376\377\0003\000D\000\040\000P\000e\000n\000d\000u\000l\000u\000m}{section.6.1}% 37
\BOOKMARK [2][-]{subsection.6.1.2}{\376\377\000A\000c\000r\000o\000b\000o\000t}{section.6.1}% 38
\BOOKMARK [1][-]{section.6.2}{\376\377\0003\000D\000-\000P\000e\000n\000d\000u\000l\000u\000m\000\040\000O\000p\000t\000i\000m\000i\000z\000a\000t\000i\000o\000n\000\040\000R\000e\000s\000u\000l\000t\000s}{chapter.6}% 39
\BOOKMARK [1][-]{section.6.3}{\376\377\000A\000c\000r\000o\000b\000o\000t\000\040\000O\000p\000t\000i\000m\000i\000z\000a\000t\000i\000o\000n\000\040\000R\000e\000s\000u\000l\000t\000s}{chapter.6}% 40
\BOOKMARK [2][-]{subsection.6.3.1}{\376\377\000S\000e\000m\000i\000d\000e\000f\000i\000n\000i\000t\000e\000\040\000O\000p\000t\000i\000m\000i\000z\000a\000t\000i\000o\000n\000\040\000R\000e\000s\000u\000l\000t\000s}{section.6.3}% 41
\BOOKMARK [2][-]{subsection.6.3.2}{\376\377\000E\000v\000a\000l\000u\000a\000t\000i\000o\000n\000\040\000M\000e\000t\000r\000i\000c\000s\000\040\000a\000n\000d\000\040\000T\000e\000s\000t\000\040\000C\000o\000n\000f\000i\000g\000u\000r\000a\000t\000i\000o\000n}{section.6.3}% 42
\BOOKMARK [2][-]{subsection.6.3.3}{\376\377\000M\000o\000d\000e\000l\000\040\000P\000r\000e\000d\000i\000c\000t\000i\000v\000e\000\040\000S\000D\000P\000\040\000C\000o\000n\000t\000r\000o\000l\000\040\000R\000e\000s\000u\000l\000t\000s}{section.6.3}% 43
\BOOKMARK [0][-]{chapter.7}{\376\377\000D\000i\000s\000c\000u\000s\000s\000i\000o\000n}{}% 44
\BOOKMARK [0][-]{chapter.8}{\376\377\000C\000o\000n\000c\000l\000u\000s\000i\000o\000n}{}% 45
\BOOKMARK [0][-]{appendix.A}{\376\377\000S\000c\000a\000l\000a\000r\000\040\000I\000m\000p\000l\000e\000m\000e\000n\000t\000a\000t\000i\000o\000n\000\040\000o\000f\000\040\000t\000h\000e\000\040\0003\000D\000-\000P\000e\000n\000d\000u\000l\000u\000m\000\040\000O\000p\000t\000i\000m\000i\000z\000a\000t\000i\000o\000n\000\040\000P\000r\000o\000b\000l\000e\000m}{}% 46
\BOOKMARK [1][-]{section.A.1}{\376\377\000O\000b\000j\000e\000c\000t\000i\000v\000e\000\040\000a\000n\000d\000\040\000D\000i\000s\000c\000r\000e\000t\000e\000\040\000D\000y\000n\000a\000m\000i\000c\000s}{appendix.A}% 47
\BOOKMARK [1][-]{section.A.2}{\376\377\000K\000i\000n\000e\000m\000a\000t\000i\000c\000s\000\040\000a\000n\000d\000\040\000R\000o\000t\000a\000t\000i\000o\000n\000\040\000C\000o\000n\000s\000t\000r\000a\000i\000n\000t\000s}{appendix.A}% 48
\BOOKMARK [1][-]{section.A.3}{\376\377\000B\000o\000u\000n\000d\000s\000,\000\040\000I\000n\000i\000t\000i\000a\000l\000\040\000V\000a\000l\000u\000e\000s\000,\000\040\000a\000n\000d\000\040\000N\000o\000r\000m\000a\000l\000i\000z\000a\000t\000i\000o\000n}{appendix.A}% 49
\BOOKMARK [0][-]{appendix.B}{\376\377\000S\000c\000a\000l\000a\000r\000\040\000I\000m\000p\000l\000e\000m\000e\000n\000t\000a\000t\000i\000o\000n\000\040\000o\000f\000\040\000t\000h\000e\000\040\000A\000c\000r\000o\000b\000o\000t\000\040\000O\000p\000t\000i\000m\000i\000z\000a\000t\000i\000o\000n\000\040\000P\000r\000o\000b\000l\000e\000m}{}% 50
\BOOKMARK [1][-]{section.B.1}{\376\377\000R\000e\000d\000u\000c\000e\000d\000\040\000V\000a\000r\000i\000a\000b\000l\000e\000s\000\040\000a\000n\000d\000\040\000O\000b\000j\000e\000c\000t\000i\000v\000e}{appendix.B}% 51
\BOOKMARK [1][-]{section.B.2}{\376\377\000R\000e\000d\000u\000c\000e\000d\000\040\000D\000i\000s\000c\000r\000e\000t\000e\000\040\000D\000y\000n\000a\000m\000i\000c\000s}{appendix.B}% 52
\BOOKMARK [1][-]{section.B.3}{\376\377\000K\000i\000n\000e\000m\000a\000t\000i\000c\000s\000,\000\040\000R\000o\000t\000a\000t\000i\000o\000n\000\040\000C\000o\000n\000s\000t\000r\000a\000i\000n\000t\000s\000,\000\040\000a\000n\000d\000\040\000B\000o\000u\000n\000d\000s}{appendix.B}% 53
\BOOKMARK [0][-]{appendix.C}{\376\377\000E\000x\000p\000e\000r\000i\000m\000e\000n\000t\000a\000l\000\040\000D\000e\000t\000a\000i\000l\000s}{}% 54
\BOOKMARK [1][-]{section.C.1}{\376\377\000A\000c\000r\000o\000b\000o\000t\000\040\000E\000v\000a\000l\000u\000a\000t\000i\000o\000n\000\040\000M\000o\000d\000e\000l\000s}{appendix.C}% 55
\BOOKMARK [2][-]{subsection.C.1.1}{\376\377\000R\000e\000d\000u\000c\000e\000d\000\040\000M\000a\000x\000i\000m\000a\000l\000-\000C\000o\000o\000r\000d\000i\000n\000a\000t\000e\000s\000\040\000L\000G\000V\000I\000\040\000M\000o\000d\000e\000l}{section.C.1}% 56
\BOOKMARK [2][-]{subsection.C.1.2}{\376\377\000D\000i\000s\000c\000r\000e\000t\000i\000z\000e\000d\000\040\000N\000e\000w\000t\000o\000n\000-\000E\000u\000l\000e\000r\000-\000L\000a\000g\000r\000a\000n\000g\000e\000\040\000M\000o\000d\000e\000l}{section.C.1}% 57
\BOOKMARK [1][-]{section.C.2}{\376\377\000M\000o\000d\000e\000l\000\040\000E\000v\000a\000l\000u\000a\000t\000i\000o\000n}{appendix.C}% 58
\BOOKMARK [2][-]{subsection.C.2.1}{\376\377\000N\000u\000m\000e\000r\000i\000c\000a\000l\000\040\000S\000i\000m\000u\000l\000a\000t\000i\000o\000n\000\040\000V\000a\000l\000i\000d\000a\000t\000i\000o\000n}{section.C.2}% 59
\BOOKMARK [2][-]{subsection.C.2.2}{\376\377\000S\000D\000P\000\040\000T\000i\000g\000h\000t\000n\000e\000s\000s\000\040\000a\000n\000d\000\040\000D\000y\000n\000a\000m\000i\000c\000\040\000R\000e\000s\000i\000d\000u\000a\000l\000s}{section.C.2}% 60
\BOOKMARK [0][-]{section*.79}{\376\377\000L\000i\000s\000t\000\040\000o\000f\000\040\000F\000i\000g\000u\000r\000e\000s}{}% 61
\BOOKMARK [0][-]{section*.81}{\376\377\000L\000i\000s\000t\000\040\000o\000f\000\040\000T\000a\000b\000l\000e\000s}{}% 62
\BOOKMARK [0][-]{section*.83}{\376\377\000A\000c\000r\000o\000n\000y\000m\000s}{}% 63
\BOOKMARK [0][-]{section*.85}{\376\377\000N\000o\000t\000a\000t\000i\000o\000n}{}% 64
\BOOKMARK [0][-]{section*.87}{\376\377\000L\000i\000s\000t\000\040\000o\000f\000\040\000S\000y\000m\000b\000o\000l\000s}{}% 65
\BOOKMARK [0][-]{section*.89}{\376\377\000B\000i\000b\000l\000i\000o\000g\000r\000a\000p\000h\000y}{}% 66
