This is pdfTeX, Version 3.141592653-2.6-1.40.29 (MiKTeX 26.2) (preloaded format=pdflatex 2026.3.26)  22 AUG 2026 17:46
entering extended mode
 restricted \write18 enabled.
 file:line:error style messages enabled.
 %&-line parsing enabled.
**c:/Users/ASUS/Desktop/Masterarbeit/Certifiable_Trajectory_Optimization/report/StudentThesis_Template.tex
(c:/Users/ASUS/Desktop/Masterarbeit/Certifiable_Trajectory_Optimization/report/StudentThesis_Template.tex
LaTeX2e <2025-11-01>
L3 programming layer <2026-01-19>
(LSR_thesis.cls
Document Class: LSR_thesis 2016/04/05 class for LSR slides
-- 2024/07/22 revision V0.5 by D.Wollherr
-- 2018/03/20 revision V0.4 by V.Gabler
-- 2017/07/24 revision V0.3 by D.Wollherr
-- 2017/01/17 revision V0.2 by V.Gabler
-- 2016/04/05 revision V0.1 by V.Gabler
-- This is early beta.
(C:\Users\ASUS\AppData\Local\Programs\MiKTeX\tex/latex/base\report.cls
Document Class: report 2025/01/22 v1.4n Standard LaTeX document class
(C:\Users\ASUS\AppData\Local\Programs\MiKTeX\tex/latex/base\size12.clo
File: size12.clo 2025/01/22 v1.4n Standard LaTeX file (size option)
)
\c@part=\count275
\c@chapter=\count276
\c@section=\count277
\c@subsection=\count278
\c@subsubsection=\count279
\c@paragraph=\count280
\c@subparagraph=\count281
\c@figure=\count282
\c@table=\count283
\abovecaptionskip=\skip49
\belowcaptionskip=\skip50
\bibindent=\dimen148
) (C:\Users\ASUS\AppData\Local\Programs\MiKTeX\tex/latex/subfigure\subfigure.sty
Package: subfigure 2002/07/30 v2.1.4 subfigure package
\subfigtopskip=\skip51
\subfigcapskip=\skip52
\subfigcaptopadj=\dimen149
\subfigbottomskip=\skip53
\subfigcapmargin=\dimen150
\subfiglabelskip=\skip54
\c@subfigure=\count284
\c@lofdepth=\count285
\c@subtable=\count286
\c@lotdepth=\count287

****************************************
* Local config file subfigure.cfg used *
****************************************
(C:\Users\ASUS\AppData\Local\Programs\MiKTeX\tex/latex/subfigure\subfigure.cfg)
\subfig@top=\skip55
\subfig@bottom=\skip56
) (C:\Users\ASUS\AppData\Local\Programs\MiKTeX\tex/latex/tools\verbatim.sty
Package: verbatim 2024-01-22 v1.5x LaTeX2e package for verbatim enhancements
\every@verbatim=\toks17
\verbatim@line=\toks18
\verbatim@in@stream=\read2
) (C:\Users\ASUS\AppData\Local\Programs\MiKTeX\tex/latex/psfrag\psfrag.sty
Package: psfrag 1998/04/11 v3.04 PSfrag (MCG)
 (C:\Users\ASUS\AppData\Local\Programs\MiKTeX\tex/latex/graphics\graphics.sty
Package: graphics 2024/08/06 v1.4g Standard LaTeX Graphics (DPC,SPQR)
 (C:\Users\ASUS\AppData\Local\Programs\MiKTeX\tex/latex/graphics\trig.sty
Package: trig 2023/12/02 v1.11 sin cos tan (DPC)
) (C:\Users\ASUS\AppData\Local\Programs\MiKTeX\tex/latex/graphics-cfg\graphics.cfg
File: graphics.cfg 2016/06/04 v1.11 sample graphics configuration
)
Package graphics Info: Driver file: pdftex.def on input line 106.
 (C:\Users\ASUS\AppData\Local\Programs\MiKTeX\tex/latex/graphics-def\pdftex.def
File: pdftex.def 2025/09/29 v1.2d Graphics/color driver for pdftex
))
\pfg@pcount=\count288
\pfg@scount=\count289
\pfg@temp=\write3
) (C:\Users\ASUS\AppData\Local\Programs\MiKTeX\tex/latex/amsmath\amsmath.sty
Package: amsmath 2025/07/09 v2.17z AMS math features
\@mathmargin=\skip57

For additional information on amsmath, use the `?' option.
(C:\Users\ASUS\AppData\Local\Programs\MiKTeX\tex/latex/amsmath\amstext.sty
Package: amstext 2024/11/17 v2.01 AMS text
 (C:\Users\ASUS\AppData\Local\Programs\MiKTeX\tex/latex/amsmath\amsgen.sty
File: amsgen.sty 1999/11/30 v2.0 generic functions
\@emptytoks=\toks19
\ex@=\dimen151
)) (C:\Users\ASUS\AppData\Local\Programs\MiKTeX\tex/latex/amsmath\amsbsy.sty
Package: amsbsy 1999/11/29 v1.2d Bold Symbols
\pmbraise@=\dimen152
) (C:\Users\ASUS\AppData\Local\Programs\MiKTeX\tex/latex/amsmath\amsopn.sty
Package: amsopn 2022/04/08 v2.04 operator names
)
\inf@bad=\count290
LaTeX Info: Redefining \frac on input line 233.
\uproot@=\count291
\leftroot@=\count292
LaTeX Info: Redefining \overline on input line 398.
LaTeX Info: Redefining \colon on input line 409.
\classnum@=\count293
\DOTSCASE@=\count294
LaTeX Info: Redefining \ldots on input line 495.
LaTeX Info: Redefining \dots on input line 498.
LaTeX Info: Redefining \cdots on input line 619.
\Mathstrutbox@=\box53
\strutbox@=\box54
LaTeX Info: Redefining \big on input line 721.
LaTeX Info: Redefining \Big on input line 722.
LaTeX Info: Redefining \bigg on input line 723.
LaTeX Info: Redefining \Bigg on input line 724.
\big@size=\dimen153
LaTeX Font Info:    Redeclaring font encoding OML on input line 742.
LaTeX Font Info:    Redeclaring font encoding OMS on input line 743.
\macc@depth=\count295
LaTeX Info: Redefining \bmod on input line 904.
LaTeX Info: Redefining \pmod on input line 909.
LaTeX Info: Redefining \smash on input line 939.
LaTeX Info: Redefining \relbar on input line 969.
LaTeX Info: Redefining \Relbar on input line 970.
\c@MaxMatrixCols=\count296
\dotsspace@=\muskip17
\c@parentequation=\count297
\dspbrk@lvl=\count298
\tag@help=\toks20
\row@=\count299
\column@=\count300
\maxfields@=\count301
\andhelp@=\toks21
\eqnshift@=\dimen154
\alignsep@=\dimen155
\tagshift@=\dimen156
\tagwidth@=\dimen157
\totwidth@=\dimen158
\lineht@=\dimen159
\@envbody=\toks22
\multlinegap=\skip58
\multlinetaggap=\skip59
\mathdisplay@stack=\toks23
LaTeX Info: Redefining \[ on input line 2950.
LaTeX Info: Redefining \] on input line 2951.
) (C:\Users\ASUS\AppData\Local\Programs\MiKTeX\tex/latex/amsfonts\amssymb.sty
Package: amssymb 2013/01/14 v3.01 AMS font symbols
 (C:\Users\ASUS\AppData\Local\Programs\MiKTeX\tex/latex/amsfonts\amsfonts.sty
Package: amsfonts 2013/01/14 v3.01 Basic AMSFonts support
\symAMSa=\mathgroup4
\symAMSb=\mathgroup5
LaTeX Font Info:    Redeclaring math symbol \hbar on input line 98.
LaTeX Font Info:    Overwriting math alphabet `\mathfrak' in version `bold'
(Font)                  U/euf/m/n --> U/euf/b/n on input line 106.
)) (C:\Users\ASUS\AppData\Local\Programs\MiKTeX\tex/latex/float\float.sty
Package: float 2001/11/08 v1.3d Float enhancements (AL)
\c@float@type=\count302
\float@exts=\toks24
\float@box=\box55
\@float@everytoks=\toks25
\@floatcapt=\box56
) (C:\Users\ASUS\AppData\Local\Programs\MiKTeX\tex/latex/graphics\graphicx.sty
Package: graphicx 2024/12/31 v1.2e Enhanced LaTeX Graphics (DPC,SPQR)
 (C:\Users\ASUS\AppData\Local\Programs\MiKTeX\tex/latex/graphics\keyval.sty
Package: keyval 2022/05/29 v1.15 key=value parser (DPC)
\KV@toks@=\toks26
)
\Gin@req@height=\dimen160
\Gin@req@width=\dimen161
) (C:\Users\ASUS\AppData\Local\Programs\MiKTeX\tex/latex/graphics\color.sty
Package: color 2025/01/14 v1.3e Standard LaTeX Color (DPC)
 (C:\Users\ASUS\AppData\Local\Programs\MiKTeX\tex/latex/graphics-cfg\color.cfg
File: color.cfg 2016/01/02 v1.6 sample color configuration
)
Package color Info: Driver file: pdftex.def on input line 149.
 (C:\Users\ASUS\AppData\Local\Programs\MiKTeX\tex/latex/graphics\mathcolor.ltx)) (C:\Users\ASUS\AppData\Local\Programs\MiKTeX\tex/generic/soul\soul.sty
Package: soul 2026-03-06 v3.2 Permit use of UTF-8 characters in soul (HO)
 (C:\Users\ASUS\AppData\Local\Programs\MiKTeX\tex/generic/soul\soul-ori.sty
Package: soul-ori 2026-03-06 v3.2 letterspacing/underlining (mf)
\SOUL@word=\toks27
\SOUL@lasttoken=\toks28
\SOUL@syllable=\toks29
\SOUL@cmds=\toks30
\SOUL@buffer=\toks31
\SOUL@token=\toks32
\SOUL@syllgoal=\dimen162
\SOUL@syllwidth=\dimen163
\SOUL@charkern=\dimen164
\SOUL@hyphkern=\dimen165
\SOUL@dimen=\dimen166
\SOUL@dimeni=\dimen167
\SOUL@minus=\count303
\SOUL@comma=\count304
\SOUL@apo=\count305
\SOUL@grave=\count306
\SOUL@spaceskip=\skip60
\SOUL@ttwidth=\dimen168
\SOUL@uldp=\dimen169
\SOUL@ulht=\dimen170
) (C:\Users\ASUS\AppData\Local\Programs\MiKTeX\tex/generic/infwarerr\infwarerr.sty
Package: infwarerr 2019/12/03 v1.5 Providing info/warning/error messages (HO)
) (C:\Users\ASUS\AppData\Local\Programs\MiKTeX\tex/generic/etexcmds\etexcmds.sty
Package: etexcmds 2019/12/15 v1.7 Avoid name clashes with e-TeX commands (HO)
 (C:\Users\ASUS\AppData\Local\Programs\MiKTeX\tex/generic/iftex\iftex.sty
Package: iftex 2024/12/12 v1.0g TeX engine tests
))) (C:\Users\ASUS\AppData\Local\Programs\MiKTeX\tex/latex/pdfpages\pdfpages.sty
Package: pdfpages 2025/07/23 v0.6g Insert pages of external PDF documents (AM)
 (C:\Users\ASUS\AppData\Local\Programs\MiKTeX\tex/latex/base\ifthen.sty
Package: ifthen 2024/03/16 v1.1e Standard LaTeX ifthen package (DPC)
) (C:\Users\ASUS\AppData\Local\Programs\MiKTeX\tex/latex/tools\calc.sty
Package: calc 2025/03/01 v4.3b Infix arithmetic (KKT,FJ)
\calc@Acount=\count307
\calc@Bcount=\count308
\calc@Adimen=\dimen171
\calc@Bdimen=\dimen172
\calc@Askip=\skip61
\calc@Bskip=\skip62
LaTeX Info: Redefining \setlength on input line 86.
LaTeX Info: Redefining \addtolength on input line 87.
\calc@Ccount=\count309
\calc@Cskip=\skip63
) (C:\Users\ASUS\AppData\Local\Programs\MiKTeX\tex/latex/eso-pic\eso-pic.sty
Package: eso-pic 2025/12/10 v3.0d eso-pic (RN)
\ESO@tempdima=\dimen173
\ESO@tempdimb=\dimen174
) (C:\Users\ASUS\AppData\Local\Programs\MiKTeX\tex/latex/etoolbox\etoolbox.sty
Package: etoolbox 2025/10/02 v2.5m e-TeX tools for LaTeX (JAW)
\etb@tempcnta=\count310
)
\AM@pagewidth=\dimen175
\AM@pageheight=\dimen176
\AM@fboxrule=\dimen177
 (C:\Users\ASUS\AppData\Local\Programs\MiKTeX\tex/latex/pdfpages\pppdftex.def
File: pppdftex.def 2025/07/23 v0.6g Pdfpages driver for pdfTeX (AM)
)
\pdfpages@includegraphics@status=\count311
\AM@pagebox=\box57
\AM@global@opts=\toks33
\AM@pagecnt=\count312
\AM@toc@title=\toks34
\AM@lof@heading=\toks35
\c@AM@survey=\count313
\AM@templatesizebox=\box58
) (C:\Users\ASUS\AppData\Local\Programs\MiKTeX\tex/latex/anyfontsize\anyfontsize.sty
Package: anyfontsize 2007/11/22 anyfontsize.sty by pts
) (C:\Users\ASUS\AppData\Local\Programs\MiKTeX\tex/generic/iftex\ifxetex.sty
Package: ifxetex 2019/10/25 v0.7 ifxetex legacy package. Use iftex instead.
) (C:\Users\ASUS\AppData\Local\Programs\MiKTeX\tex/latex/base\inputenc.sty
Package: inputenc 2024/02/08 v1.3d Input encoding file
\inpenc@prehook=\toks36
\inpenc@posthook=\toks37
) (C:\Users\ASUS\AppData\Local\Programs\MiKTeX\tex/latex/todonotes\todonotes.sty
Package: todonotes 2024/01/05 v1.1.7 Todonotes source and documentation.
Package: todonotes 2024/01/05
 (C:\Users\ASUS\AppData\Local\Programs\MiKTeX\tex/latex/xkeyval\xkeyval.sty
Package: xkeyval 2022/06/16 v2.9 package option processing (HA)
 (C:\Users\ASUS\AppData\Local\Programs\MiKTeX\tex/generic/xkeyval\xkeyval.tex (C:\Users\ASUS\AppData\Local\Programs\MiKTeX\tex/generic/xkeyval\xkvutils.tex
\XKV@toks=\toks38
\XKV@tempa@toks=\toks39
)
\XKV@depth=\count314
File: xkeyval.tex 2014/12/03 v2.7a key=value parser (HA)
)) (C:\Users\ASUS\AppData\Local\Programs\MiKTeX\tex/latex/xcolor\xcolor.sty
Package: xcolor 2024/09/29 v3.02 LaTeX color extensions (UK)
 (C:\Users\ASUS\AppData\Local\Programs\MiKTeX\tex/latex/graphics-cfg\color.cfg
File: color.cfg 2016/01/02 v1.6 sample color configuration
)
Package xcolor Info: Driver file: pdftex.def on input line 274.
LaTeX Info: Redefining \color on input line 762.
 (C:\Users\ASUS\AppData\Local\Programs\MiKTeX\tex/latex/graphics\mathcolor.ltx)
Package xcolor Info: Model `cmy' substituted by `cmy0' on input line 1349.
Package xcolor Info: Model `hsb' substituted by `rgb' on input line 1353.
Package xcolor Info: Model `RGB' extended on input line 1365.
Package xcolor Info: Model `HTML' substituted by `rgb' on input line 1367.
Package xcolor Info: Model `Hsb' substituted by `hsb' on input line 1368.
Package xcolor Info: Model `tHsb' substituted by `hsb' on input line 1369.
Package xcolor Info: Model `HSB' substituted by `hsb' on input line 1370.
Package xcolor Info: Model `Gray' substituted by `gray' on input line 1371.
Package xcolor Info: Model `wave' substituted by `hsb' on input line 1372.
) (C:\Users\ASUS\AppData\Local\Programs\MiKTeX\tex/latex/pgf/frontendlayer\tikz.sty (C:\Users\ASUS\AppData\Local\Programs\MiKTeX\tex/latex/pgf/basiclayer\pgf.sty (C:\Users\ASUS\AppData\Local\Programs\MiKTeX\tex/latex/pgf/utilities\pgfrcs.sty (C:\Users\ASUS\AppData\Local\Programs\MiKTeX\tex/generic/pgf/utilities\pgfutil-common.tex
\pgfutil@everybye=\toks40
\pgfutil@tempdima=\dimen178
\pgfutil@tempdimb=\dimen179
) (C:\Users\ASUS\AppData\Local\Programs\MiKTeX\tex/generic/pgf/utilities\pgfutil-latex.def
\pgfutil@abb=\box59
) (C:\Users\ASUS\AppData\Local\Programs\MiKTeX\tex/generic/pgf/utilities\pgfrcs.code.tex (C:\Users\ASUS\AppData\Local\Programs\MiKTeX\tex/generic/pgf\pgf.revision.tex)
Package: pgfrcs 2025-08-29 v3.1.11a (3.1.11a)
))
Package: pgf 2025-08-29 v3.1.11a (3.1.11a)
 (C:\Users\ASUS\AppData\Local\Programs\MiKTeX\tex/latex/pgf/basiclayer\pgfcore.sty (C:\Users\ASUS\AppData\Local\Programs\MiKTeX\tex/latex/pgf/systemlayer\pgfsys.sty (C:\Users\ASUS\AppData\Local\Programs\MiKTeX\tex/generic/pgf/systemlayer\pgfsys.code.tex
Package: pgfsys 2025-08-29 v3.1.11a (3.1.11a)
 (C:\Users\ASUS\AppData\Local\Programs\MiKTeX\tex/generic/pgf/utilities\pgfkeys.code.tex
\pgfkeys@pathtoks=\toks41
\pgfkeys@temptoks=\toks42
 (C:\Users\ASUS\AppData\Local\Programs\MiKTeX\tex/generic/pgf/utilities\pgfkeyslibraryfiltered.code.tex
\pgfkeys@tmptoks=\toks43
))
\pgf@x=\dimen180
\pgf@y=\dimen181
\pgf@xa=\dimen182
\pgf@ya=\dimen183
\pgf@xb=\dimen184
\pgf@yb=\dimen185
\pgf@xc=\dimen186
\pgf@yc=\dimen187
\pgf@xd=\dimen188
\pgf@yd=\dimen189
\w@pgf@writea=\write4
\r@pgf@reada=\read3
\c@pgf@counta=\count315
\c@pgf@countb=\count316
\c@pgf@countc=\count317
\c@pgf@countd=\count318
\t@pgf@toka=\toks44
\t@pgf@tokb=\toks45
\t@pgf@tokc=\toks46
\pgf@sys@id@count=\count319
 (C:\Users\ASUS\AppData\Local\Programs\MiKTeX\tex/generic/pgf/systemlayer\pgf.cfg
File: pgf.cfg 2025-08-29 v3.1.11a (3.1.11a)
)
Driver file for pgf: pgfsys-pdftex.def
 (C:\Users\ASUS\AppData\Local\Programs\MiKTeX\tex/generic/pgf/systemlayer\pgfsys-pdftex.def
File: pgfsys-pdftex.def 2025-08-29 v3.1.11a (3.1.11a)
 (C:\Users\ASUS\AppData\Local\Programs\MiKTeX\tex/generic/pgf/systemlayer\pgfsys-common-pdf.def
File: pgfsys-common-pdf.def 2025-08-29 v3.1.11a (3.1.11a)
))) (C:\Users\ASUS\AppData\Local\Programs\MiKTeX\tex/generic/pgf/systemlayer\pgfsyssoftpath.code.tex
File: pgfsyssoftpath.code.tex 2025-08-29 v3.1.11a (3.1.11a)
\pgfsyssoftpath@smallbuffer@items=\count320
\pgfsyssoftpath@bigbuffer@items=\count321
) (C:\Users\ASUS\AppData\Local\Programs\MiKTeX\tex/generic/pgf/systemlayer\pgfsysprotocol.code.tex
File: pgfsysprotocol.code.tex 2025-08-29 v3.1.11a (3.1.11a)
)) (C:\Users\ASUS\AppData\Local\Programs\MiKTeX\tex/generic/pgf/basiclayer\pgfcore.code.tex
Package: pgfcore 2025-08-29 v3.1.11a (3.1.11a)
 (C:\Users\ASUS\AppData\Local\Programs\MiKTeX\tex/generic/pgf/math\pgfmath.code.tex (C:\Users\ASUS\AppData\Local\Programs\MiKTeX\tex/generic/pgf/math\pgfmathutil.code.tex) (C:\Users\ASUS\AppData\Local\Programs\MiKTeX\tex/generic/pgf/math\pgfmathparser.code.tex
\pgfmath@dimen=\dimen190
\pgfmath@count=\count322
\pgfmath@box=\box60
\pgfmath@toks=\toks47
\pgfmath@stack@operand=\toks48
\pgfmath@stack@operation=\toks49
) (C:\Users\ASUS\AppData\Local\Programs\MiKTeX\tex/generic/pgf/math\pgfmathfunctions.code.tex) (C:\Users\ASUS\AppData\Local\Programs\MiKTeX\tex/generic/pgf/math\pgfmathfunctions.basic.code.tex) (C:\Users\ASUS\AppData\Local\Programs\MiKTeX\tex/generic/pgf/math\pgfmathfunctions.trigonometric.code.tex) (C:\Users\ASUS\AppData\Local\Programs\MiKTeX\tex/generic/pgf/math\pgfmathfunctions.random.code.tex) (C:\Users\ASUS\AppData\Local\Programs\MiKTeX\tex/generic/pgf/math\pgfmathfunctions.comparison.code.tex) (C:\Users\ASUS\AppData\Local\Programs\MiKTeX\tex/generic/pgf/math\pgfmathfunctions.base.code.tex) (C:\Users\ASUS\AppData\Local\Programs\MiKTeX\tex/generic/pgf/math\pgfmathfunctions.round.code.tex) (C:\Users\ASUS\AppData\Local\Programs\MiKTeX\tex/generic/pgf/math\pgfmathfunctions.misc.code.tex) (C:\Users\ASUS\AppData\Local\Programs\MiKTeX\tex/generic/pgf/math\pgfmathfunctions.integerarithmetics.code.tex) (C:\Users\ASUS\AppData\Local\Programs\MiKTeX\tex/generic/pgf/math\pgfmathcalc.code.tex) (C:\Users\ASUS\AppData\Local\Programs\MiKTeX\tex/generic/pgf/math\pgfmathfloat.code.tex
\c@pgfmathroundto@lastzeros=\count323
)) (C:\Users\ASUS\AppData\Local\Programs\MiKTeX\tex/generic/pgf/math\pgfint.code.tex) (C:\Users\ASUS\AppData\Local\Programs\MiKTeX\tex/generic/pgf/basiclayer\pgfcorepoints.code.tex
File: pgfcorepoints.code.tex 2025-08-29 v3.1.11a (3.1.11a)
\pgf@picminx=\dimen191
\pgf@picmaxx=\dimen192
\pgf@picminy=\dimen193
\pgf@picmaxy=\dimen194
\pgf@pathminx=\dimen195
\pgf@pathmaxx=\dimen196
\pgf@pathminy=\dimen197
\pgf@pathmaxy=\dimen198
\pgf@xx=\dimen199
\pgf@xy=\dimen256
\pgf@yx=\dimen257
\pgf@yy=\dimen258
\pgf@zx=\dimen259
\pgf@zy=\dimen260
) (C:\Users\ASUS\AppData\Local\Programs\MiKTeX\tex/generic/pgf/basiclayer\pgfcorepathconstruct.code.tex
File: pgfcorepathconstruct.code.tex 2025-08-29 v3.1.11a (3.1.11a)
\pgf@path@lastx=\dimen261
\pgf@path@lasty=\dimen262
) (C:\Users\ASUS\AppData\Local\Programs\MiKTeX\tex/generic/pgf/basiclayer\pgfcorepathusage.code.tex
File: pgfcorepathusage.code.tex 2025-08-29 v3.1.11a (3.1.11a)
\pgf@shorten@end@additional=\dimen263
\pgf@shorten@start@additional=\dimen264
) (C:\Users\ASUS\AppData\Local\Programs\MiKTeX\tex/generic/pgf/basiclayer\pgfcorescopes.code.tex
File: pgfcorescopes.code.tex 2025-08-29 v3.1.11a (3.1.11a)
\pgfpic=\box61
\pgf@hbox=\box62
\pgf@layerbox@main=\box63
\pgf@picture@serial@count=\count324
) (C:\Users\ASUS\AppData\Local\Programs\MiKTeX\tex/generic/pgf/basiclayer\pgfcoregraphicstate.code.tex
File: pgfcoregraphicstate.code.tex 2025-08-29 v3.1.11a (3.1.11a)
\pgflinewidth=\dimen265
) (C:\Users\ASUS\AppData\Local\Programs\MiKTeX\tex/generic/pgf/basiclayer\pgfcoretransformations.code.tex
File: pgfcoretransformations.code.tex 2025-08-29 v3.1.11a (3.1.11a)
\pgf@pt@x=\dimen266
\pgf@pt@y=\dimen267
\pgf@pt@temp=\dimen268
) (C:\Users\ASUS\AppData\Local\Programs\MiKTeX\tex/generic/pgf/basiclayer\pgfcorequick.code.tex
File: pgfcorequick.code.tex 2025-08-29 v3.1.11a (3.1.11a)
) (C:\Users\ASUS\AppData\Local\Programs\MiKTeX\tex/generic/pgf/basiclayer\pgfcoreobjects.code.tex
File: pgfcoreobjects.code.tex 2025-08-29 v3.1.11a (3.1.11a)
) (C:\Users\ASUS\AppData\Local\Programs\MiKTeX\tex/generic/pgf/basiclayer\pgfcorepathprocessing.code.tex
File: pgfcorepathprocessing.code.tex 2025-08-29 v3.1.11a (3.1.11a)
) (C:\Users\ASUS\AppData\Local\Programs\MiKTeX\tex/generic/pgf/basiclayer\pgfcorearrows.code.tex
File: pgfcorearrows.code.tex 2025-08-29 v3.1.11a (3.1.11a)
\pgfarrowsep=\dimen269
) (C:\Users\ASUS\AppData\Local\Programs\MiKTeX\tex/generic/pgf/basiclayer\pgfcoreshade.code.tex
File: pgfcoreshade.code.tex 2025-08-29 v3.1.11a (3.1.11a)
\pgf@max=\dimen270
\pgf@sys@shading@range@num=\count325
\pgf@shadingcount=\count326
) (C:\Users\ASUS\AppData\Local\Programs\MiKTeX\tex/generic/pgf/basiclayer\pgfcoreimage.code.tex
File: pgfcoreimage.code.tex 2025-08-29 v3.1.11a (3.1.11a)
) (C:\Users\ASUS\AppData\Local\Programs\MiKTeX\tex/generic/pgf/basiclayer\pgfcoreexternal.code.tex
File: pgfcoreexternal.code.tex 2025-08-29 v3.1.11a (3.1.11a)
\pgfexternal@startupbox=\box64
) (C:\Users\ASUS\AppData\Local\Programs\MiKTeX\tex/generic/pgf/basiclayer\pgfcorelayers.code.tex
File: pgfcorelayers.code.tex 2025-08-29 v3.1.11a (3.1.11a)
) (C:\Users\ASUS\AppData\Local\Programs\MiKTeX\tex/generic/pgf/basiclayer\pgfcoretransparency.code.tex
File: pgfcoretransparency.code.tex 2025-08-29 v3.1.11a (3.1.11a)
) (C:\Users\ASUS\AppData\Local\Programs\MiKTeX\tex/generic/pgf/basiclayer\pgfcorepatterns.code.tex
File: pgfcorepatterns.code.tex 2025-08-29 v3.1.11a (3.1.11a)
) (C:\Users\ASUS\AppData\Local\Programs\MiKTeX\tex/generic/pgf/basiclayer\pgfcorerdf.code.tex
File: pgfcorerdf.code.tex 2025-08-29 v3.1.11a (3.1.11a)
))) (C:\Users\ASUS\AppData\Local\Programs\MiKTeX\tex/generic/pgf/modules\pgfmoduleshapes.code.tex
File: pgfmoduleshapes.code.tex 2025-08-29 v3.1.11a (3.1.11a)
\pgfnodeparttextbox=\box65
) (C:\Users\ASUS\AppData\Local\Programs\MiKTeX\tex/generic/pgf/modules\pgfmoduleplot.code.tex
File: pgfmoduleplot.code.tex 2025-08-29 v3.1.11a (3.1.11a)
) (C:\Users\ASUS\AppData\Local\Programs\MiKTeX\tex/latex/pgf/compatibility\pgfcomp-version-0-65.sty
Package: pgfcomp-version-0-65 2025-08-29 v3.1.11a (3.1.11a)
\pgf@nodesepstart=\dimen271
\pgf@nodesepend=\dimen272
) (C:\Users\ASUS\AppData\Local\Programs\MiKTeX\tex/latex/pgf/compatibility\pgfcomp-version-1-18.sty
Package: pgfcomp-version-1-18 2025-08-29 v3.1.11a (3.1.11a)
)) (C:\Users\ASUS\AppData\Local\Programs\MiKTeX\tex/latex/pgf/utilities\pgffor.sty (C:\Users\ASUS\AppData\Local\Programs\MiKTeX\tex/latex/pgf/utilities\pgfkeys.sty (C:\Users\ASUS\AppData\Local\Programs\MiKTeX\tex/generic/pgf/utilities\pgfkeys.code.tex)) (C:\Users\ASUS\AppData\Local\Programs\MiKTeX\tex/latex/pgf/math\pgfmath.sty (C:\Users\ASUS\AppData\Local\Programs\MiKTeX\tex/generic/pgf/math\pgfmath.code.tex)) (C:\Users\ASUS\AppData\Local\Programs\MiKTeX\tex/generic/pgf/utilities\pgffor.code.tex
Package: pgffor 2025-08-29 v3.1.11a (3.1.11a)
\pgffor@iter=\dimen273
\pgffor@skip=\dimen274
\pgffor@stack=\toks50
\pgffor@toks=\toks51
)) (C:\Users\ASUS\AppData\Local\Programs\MiKTeX\tex/generic/pgf/frontendlayer/tikz\tikz.code.tex
Package: tikz 2025-08-29 v3.1.11a (3.1.11a)
 (C:\Users\ASUS\AppData\Local\Programs\MiKTeX\tex/generic/pgf/libraries\pgflibraryplothandlers.code.tex
File: pgflibraryplothandlers.code.tex 2025-08-29 v3.1.11a (3.1.11a)
\pgf@plot@mark@count=\count327
\pgfplotmarksize=\dimen275
)
\tikz@lastx=\dimen276
\tikz@lasty=\dimen277
\tikz@lastxsaved=\dimen278
\tikz@lastysaved=\dimen279
\tikz@lastmovetox=\dimen280
\tikz@lastmovetoy=\dimen281
\tikzleveldistance=\dimen282
\tikzsiblingdistance=\dimen283
\tikz@figbox=\box66
\tikz@figbox@bg=\box67
\tikz@tempbox=\box68
\tikz@tempbox@bg=\box69
\tikztreelevel=\count328
\tikznumberofchildren=\count329
\tikznumberofcurrentchild=\count330
\tikz@fig@count=\count331
 (C:\Users\ASUS\AppData\Local\Programs\MiKTeX\tex/generic/pgf/modules\pgfmodulematrix.code.tex
File: pgfmodulematrix.code.tex 2025-08-29 v3.1.11a (3.1.11a)
\pgfmatrixcurrentrow=\count332
\pgfmatrixcurrentcolumn=\count333
\pgf@matrix@numberofcolumns=\count334
)
\tikz@expandcount=\count335
 (C:\Users\ASUS\AppData\Local\Programs\MiKTeX\tex/generic/pgf/frontendlayer/tikz/libraries\tikzlibrarytopaths.code.tex
File: tikzlibrarytopaths.code.tex 2025-08-29 v3.1.11a (3.1.11a)
))) (C:\Users\ASUS\AppData\Local\Programs\MiKTeX\tex/generic/pgf/frontendlayer/tikz/libraries\tikzlibrarypositioning.code.tex
File: tikzlibrarypositioning.code.tex 2025-08-29 v3.1.11a (3.1.11a)
)
\c@@todonotes@numberoftodonotes=\count336
)
\LSRx=\dimen284
\LSRzero=\dimen285
\LSRborder=\dimen286
 (C:\Users\ASUS\AppData\Local\Programs\MiKTeX\tex/generic/pgf/frontendlayer/tikz/libraries\tikzlibrarycalc.code.tex
File: tikzlibrarycalc.code.tex 2025-08-29 v3.1.11a (3.1.11a)
) (C:\Users\ASUS\AppData\Local\Programs\MiKTeX\tex/latex/fancyhdr\fancyhdr.sty
Package: fancyhdr 2025/02/07 v5.2 Extensive control of page headers and footers
\f@nch@headwidth=\skip64
\f@nch@offset@elh=\skip65
\f@nch@offset@erh=\skip66
\f@nch@offset@olh=\skip67
\f@nch@offset@orh=\skip68
\f@nch@offset@elf=\skip69
\f@nch@offset@erf=\skip70
\f@nch@offset@olf=\skip71
\f@nch@offset@orf=\skip72
\f@nch@height=\skip73
\f@nch@footalignment=\skip74
\f@nch@widthL=\skip75
\f@nch@widthC=\skip76
\f@nch@widthR=\skip77
\@temptokenb=\toks52
) (C:\Users\ASUS\AppData\Local\Programs\MiKTeX\tex/latex/hyperref\hyperref.sty
Package: hyperref 2026-01-29 v7.01p Hypertext links for LaTeX
 (C:\Users\ASUS\AppData\Local\Programs\MiKTeX\tex/latex/kvsetkeys\kvsetkeys.sty
Package: kvsetkeys 2022-10-05 v1.19 Key value parser (HO)
) (C:\Users\ASUS\AppData\Local\Programs\MiKTeX\tex/generic/kvdefinekeys\kvdefinekeys.sty
Package: kvdefinekeys 2019-12-19 v1.6 Define keys (HO)
) (C:\Users\ASUS\AppData\Local\Programs\MiKTeX\tex/generic/pdfescape\pdfescape.sty
Package: pdfescape 2019/12/09 v1.15 Implements pdfTeX's escape features (HO)
 (C:\Users\ASUS\AppData\Local\Programs\MiKTeX\tex/generic/ltxcmds\ltxcmds.sty
Package: ltxcmds 2023-12-04 v1.26 LaTeX kernel commands for general use (HO)
) (C:\Users\ASUS\AppData\Local\Programs\MiKTeX\tex/generic/pdftexcmds\pdftexcmds.sty
Package: pdftexcmds 2020-06-27 v0.33 Utility functions of pdfTeX for LuaTeX (HO)
Package pdftexcmds Info: \pdf@primitive is available.
Package pdftexcmds Info: \pdf@ifprimitive is available.
Package pdftexcmds Info: \pdfdraftmode found.
)) (C:\Users\ASUS\AppData\Local\Programs\MiKTeX\tex/latex/hycolor\hycolor.sty
Package: hycolor 2020-01-27 v1.10 Color options for hyperref/bookmark (HO)
) (C:\Users\ASUS\AppData\Local\Programs\MiKTeX\tex/latex/hyperref\nameref.sty
Package: nameref 2026-01-29 v2.58 Cross-referencing by name of section
 (C:\Users\ASUS\AppData\Local\Programs\MiKTeX\tex/latex/refcount\refcount.sty
Package: refcount 2019/12/15 v3.6 Data extraction from label references (HO)
) (C:\Users\ASUS\AppData\Local\Programs\MiKTeX\tex/generic/gettitlestring\gettitlestring.sty
Package: gettitlestring 2019/12/15 v1.6 Cleanup title references (HO)
 (C:\Users\ASUS\AppData\Local\Programs\MiKTeX\tex/latex/kvoptions\kvoptions.sty
Package: kvoptions 2022-06-15 v3.15 Key value format for package options (HO)
))
\c@section@level=\count337
) (C:\Users\ASUS\AppData\Local\Programs\MiKTeX\tex/generic/stringenc\stringenc.sty
Package: stringenc 2019/11/29 v1.12 Convert strings between diff. encodings (HO)
)
\@linkdim=\dimen287
\Hy@linkcounter=\count338
\Hy@pagecounter=\count339
 (C:\Users\ASUS\AppData\Local\Programs\MiKTeX\tex/latex/hyperref\pd1enc.def
File: pd1enc.def 2026-01-29 v7.01p Hyperref: PDFDocEncoding definition (HO)
Now handling font encoding PD1 ...
... no UTF-8 mapping file for font encoding PD1
) (C:\Users\ASUS\AppData\Local\Programs\MiKTeX\tex/generic/intcalc\intcalc.sty
Package: intcalc 2019/12/15 v1.3 Expandable calculations with integers (HO)
)
\Hy@SavedSpaceFactor=\count340

(C:\Users\ASUS\AppData\Local\Programs\MiKTeX\tex/latex/hyperref\puenc.def
File: puenc.def 2026-01-29 v7.01p Hyperref: PDF Unicode definition (HO)
Now handling font encoding PU ...
... no UTF-8 mapping file for font encoding PU
)
Package hyperref Info: Option `final' set `true' on input line 4072.
Package hyperref Info: Hyper figures OFF on input line 4201.
Package hyperref Info: Link nesting OFF on input line 4206.
Package hyperref Info: Hyper index ON on input line 4209.
Package hyperref Info: Plain pages OFF on input line 4216.
Package hyperref Info: Backreferencing OFF on input line 4221.
Package hyperref Info: Implicit mode ON; LaTeX internals redefined.
Package hyperref Info: Bookmarks ON on input line 4468.
\c@Hy@tempcnt=\count341
 (C:\Users\ASUS\AppData\Local\Programs\MiKTeX\tex/latex/url\url.sty
\Urlmuskip=\muskip18
Package: url 2013/09/16  ver 3.4  Verb mode for urls, etc.
)
LaTeX Info: Redefining \url on input line 4807.
\XeTeXLinkMargin=\dimen288
 (C:\Users\ASUS\AppData\Local\Programs\MiKTeX\tex/generic/bitset\bitset.sty
Package: bitset 2019/12/09 v1.3 Handle bit-vector datatype (HO)
 (C:\Users\ASUS\AppData\Local\Programs\MiKTeX\tex/generic/bigintcalc\bigintcalc.sty
Package: bigintcalc 2019/12/15 v1.5 Expandable calculations on big integers (HO)
))
\Fld@menulength=\count342
\Field@Width=\dimen289
\Fld@charsize=\dimen290
Package hyperref Info: Hyper figures OFF on input line 6084.
Package hyperref Info: Link nesting OFF on input line 6089.
Package hyperref Info: Hyper index ON on input line 6092.
Package hyperref Info: backreferencing OFF on input line 6099.
Package hyperref Info: Link coloring OFF on input line 6104.
Package hyperref Info: Link coloring with OCG OFF on input line 6109.
Package hyperref Info: PDF/A mode OFF on input line 6114.
\Hy@abspage=\count343
\c@Item=\count344
\c@Hfootnote=\count345
)
Package hyperref Info: Driver (autodetected): hpdftex.
 (C:\Users\ASUS\AppData\Local\Programs\MiKTeX\tex/latex/hyperref\hpdftex.def
File: hpdftex.def 2026-01-29 v7.01p Hyperref driver for pdfTeX
\Fld@listcount=\count346
\c@bookmark@seq@number=\count347
 (C:\Users\ASUS\AppData\Local\Programs\MiKTeX\tex/latex/rerunfilecheck\rerunfilecheck.sty
Package: rerunfilecheck 2025-06-21 v1.11 Rerun checks for auxiliary files (HO)
 (C:\Users\ASUS\AppData\Local\Programs\MiKTeX\tex/generic/uniquecounter\uniquecounter.sty
Package: uniquecounter 2019/12/15 v1.4 Provide unlimited unique counter (HO)
)
Package uniquecounter Info: New unique counter `rerunfilecheck' on input line 284.
)
\Hy@SectionHShift=\skip78
)
-- language set to english.
-- Type: Masterarbeit.
) (include/customize.tex (C:\Users\ASUS\AppData\Local\Programs\MiKTeX\tex/generic/pgf/libraries\pgflibraryarrows.meta.code.tex
File: pgflibraryarrows.meta.code.tex 2025-08-29 v3.1.11a (3.1.11a)
\pgfarrowinset=\dimen291
\pgfarrowlength=\dimen292
\pgfarrowwidth=\dimen293
\pgfarrowlinewidth=\dimen294
) (C:\Users\ASUS\AppData\Local\Programs\MiKTeX\tex/generic/pgf/frontendlayer/tikz/libraries\tikzlibraryshapes.geometric.code.tex
File: tikzlibraryshapes.geometric.code.tex 2025-08-29 v3.1.11a (3.1.11a)
 (C:\Users\ASUS\AppData\Local\Programs\MiKTeX\tex/generic/pgf/libraries/shapes\pgflibraryshapes.geometric.code.tex
File: pgflibraryshapes.geometric.code.tex 2025-08-29 v3.1.11a (3.1.11a)
)) (C:\Users\ASUS\AppData\Local\Programs\MiKTeX\tex/generic/pgf/frontendlayer/tikz/libraries\tikzlibraryfit.code.tex
File: tikzlibraryfit.code.tex 2025-08-29 v3.1.11a (3.1.11a)
) (C:\Users\ASUS\AppData\Local\Programs\MiKTeX\tex/latex/pgfplots\pgfplots.sty (C:\Users\ASUS\AppData\Local\Programs\MiKTeX\tex/generic/pgfplots\pgfplots.revision.tex)
Package: pgfplots 2021/05/15 v1.18.1 Data Visualization (1.18.1)
 (C:\Users\ASUS\AppData\Local\Programs\MiKTeX\tex/generic/pgfplots\pgfplots.code.tex (C:\Users\ASUS\AppData\Local\Programs\MiKTeX\tex/generic/pgfplots\pgfplotscore.code.tex
\t@pgfplots@toka=\toks53
\t@pgfplots@tokb=\toks54
\t@pgfplots@tokc=\toks55
\pgfplots@tmpa=\dimen295
\c@pgfplots@coordindex=\count348
\c@pgfplots@scanlineindex=\count349
 (C:\Users\ASUS\AppData\Local\Programs\MiKTeX\tex/generic/pgfplots/sys\pgfplotssysgeneric.code.tex)) (C:\Users\ASUS\AppData\Local\Programs\MiKTeX\tex/generic/pgfplots/libs\pgfplotslibrary.code.tex) (C:\Users\ASUS\AppData\Local\Programs\MiKTeX\tex/generic/pgfplots/oldpgfcompatib\pgfplotsoldpgfsupp_loader.code.tex (C:\Users\ASUS\AppData\Local\Programs\MiKTeX\tex/generic/pgf/libraries\pgflibraryfpu.code.tex)
Package pgfplots: loading complementary utilities for your pgf version...
\t@pgf@toka=\toks56
\t@pgf@tokb=\toks57
\t@pgf@tokc=\toks58
(C:\Users\ASUS\AppData\Local\Programs\MiKTeX\tex/generic/pgfplots/oldpgfcompatib\pgfplotsoldpgfsupp_pgfutil-common-lists.tex)) (C:\Users\ASUS\AppData\Local\Programs\MiKTeX\tex/generic/pgfplots/util\pgfplotsutil.code.tex (C:\Users\ASUS\AppData\Local\Programs\MiKTeX\tex/generic/pgfplots/liststructure\pgfplotsliststructure.code.tex) (C:\Users\ASUS\AppData\Local\Programs\MiKTeX\tex/generic/pgfplots/liststructure\pgfplotsliststructureext.code.tex) (C:\Users\ASUS\AppData\Local\Programs\MiKTeX\tex/generic/pgfplots/liststructure\pgfplotsarray.code.tex
\c@pgfplotsarray@tmp=\count350
) (C:\Users\ASUS\AppData\Local\Programs\MiKTeX\tex/generic/pgfplots/liststructure\pgfplotsmatrix.code.tex) (C:\Users\ASUS\AppData\Local\Programs\MiKTeX\tex/generic/pgfplots/numtable\pgfplotstableshared.code.tex
\c@pgfplotstable@counta=\count351
\t@pgfplotstable@a=\toks59
) (C:\Users\ASUS\AppData\Local\Programs\MiKTeX\tex/generic/pgfplots/liststructure\pgfplotsdeque.code.tex) (C:\Users\ASUS\AppData\Local\Programs\MiKTeX\tex/generic/pgfplots/util\pgfplotsbinary.code.tex (C:\Users\ASUS\AppData\Local\Programs\MiKTeX\tex/generic/pgfplots/util\pgfplotsbinary.data.code.tex)) (C:\Users\ASUS\AppData\Local\Programs\MiKTeX\tex/generic/pgfplots/util\pgfplotsutil.verb.code.tex) (C:\Users\ASUS\AppData\Local\Programs\MiKTeX\tex/generic/pgfplots/libs\pgflibrarypgfplots.surfshading.code.tex
\c@pgfplotslibrarysurf@no=\count352
 (C:\Users\ASUS\AppData\Local\Programs\MiKTeX\tex/generic/pgfplots/sys\pgflibrarypgfplots.surfshading.pgfsys-pdftex.def))) (C:\Users\ASUS\AppData\Local\Programs\MiKTeX\tex/generic/pgfplots/util\pgfplotscolormap.code.tex (C:\Users\ASUS\AppData\Local\Programs\MiKTeX\tex/generic/pgfplots/util\pgfplotscolor.code.tex)) (C:\Users\ASUS\AppData\Local\Programs\MiKTeX\tex/generic/pgfplots\pgfplotsstackedplots.code.tex) (C:\Users\ASUS\AppData\Local\Programs\MiKTeX\tex/generic/pgfplots\pgfplotsplothandlers.code.tex (C:\Users\ASUS\AppData\Local\Programs\MiKTeX\tex/generic/pgfplots\pgfplotsmeshplothandler.code.tex (C:\Users\ASUS\AppData\Local\Programs\MiKTeX\tex/generic/pgfplots\pgfplotsmeshplotimage.code.tex))) (C:\Users\ASUS\AppData\Local\Programs\MiKTeX\tex/generic/pgfplots\pgfplots.scaling.code.tex) (C:\Users\ASUS\AppData\Local\Programs\MiKTeX\tex/generic/pgfplots\pgfplotscoordprocessing.code.tex) (C:\Users\ASUS\AppData\Local\Programs\MiKTeX\tex/generic/pgfplots\pgfplots.errorbars.code.tex) (C:\Users\ASUS\AppData\Local\Programs\MiKTeX\tex/generic/pgfplots\pgfplots.markers.code.tex) (C:\Users\ASUS\AppData\Local\Programs\MiKTeX\tex/generic/pgfplots\pgfplotsticks.code.tex) (C:\Users\ASUS\AppData\Local\Programs\MiKTeX\tex/generic/pgfplots\pgfplots.paths.code.tex) (C:\Users\ASUS\AppData\Local\Programs\MiKTeX\tex/generic/pgf/frontendlayer/tikz/libraries\tikzlibrarydecorations.code.tex (C:\Users\ASUS\AppData\Local\Programs\MiKTeX\tex/generic/pgf/modules\pgfmoduledecorations.code.tex
\pgfdecoratedcompleteddistance=\dimen296
\pgfdecoratedremainingdistance=\dimen297
\pgfdecoratedinputsegmentcompleteddistance=\dimen298
\pgfdecoratedinputsegmentremainingdistance=\dimen299
\pgf@decorate@distancetomove=\dimen300
\pgf@decorate@repeatstate=\count353
\pgfdecorationsegmentamplitude=\dimen301
\pgfdecorationsegmentlength=\dimen302
)
\tikz@lib@dec@box=\box70
) (C:\Users\ASUS\AppData\Local\Programs\MiKTeX\tex/generic/pgf/frontendlayer/tikz/libraries\tikzlibrarydecorations.pathmorphing.code.tex (C:\Users\ASUS\AppData\Local\Programs\MiKTeX\tex/generic/pgf/libraries/decorations\pgflibrarydecorations.pathmorphing.code.tex)) (C:\Users\ASUS\AppData\Local\Programs\MiKTeX\tex/generic/pgf/frontendlayer/tikz/libraries\tikzlibrarydecorations.pathreplacing.code.tex (C:\Users\ASUS\AppData\Local\Programs\MiKTeX\tex/generic/pgf/libraries/decorations\pgflibrarydecorations.pathreplacing.code.tex)) (C:\Users\ASUS\AppData\Local\Programs\MiKTeX\tex/generic/pgfplots/libs\tikzlibrarypgfplots.contourlua.code.tex)
\pgfplots@numplots=\count354
\pgfplots@xmin@reg=\dimen303
\pgfplots@xmax@reg=\dimen304
\pgfplots@ymin@reg=\dimen305
\pgfplots@ymax@reg=\dimen306
\pgfplots@zmin@reg=\dimen307
\pgfplots@zmax@reg=\dimen308
) (C:\Users\ASUS\AppData\Local\Programs\MiKTeX\tex/generic/pgf/frontendlayer/tikz/libraries\tikzlibraryplotmarks.code.tex
File: tikzlibraryplotmarks.code.tex 2025-08-29 v3.1.11a (3.1.11a)
 (C:\Users\ASUS\AppData\Local\Programs\MiKTeX\tex/generic/pgf/libraries\pgflibraryplotmarks.code.tex
File: pgflibraryplotmarks.code.tex 2025-08-29 v3.1.11a (3.1.11a)
))) (C:\Users\ASUS\AppData\Local\Programs\MiKTeX\tex/latex/caption\subcaption.sty
Package: subcaption 2023/07/28 v1.6b Sub-captions (AR)
 (C:\Users\ASUS\AppData\Local\Programs\MiKTeX\tex/latex/caption\caption.sty
Package: caption 2023/08/05 v3.6o Customizing captions (AR)
 (C:\Users\ASUS\AppData\Local\Programs\MiKTeX\tex/latex/caption\caption3.sty
Package: caption3 2023/07/31 v2.4d caption3 kernel (AR)
\caption@tempdima=\dimen309
\captionmargin=\dimen310
\caption@leftmargin=\dimen311
\caption@rightmargin=\dimen312
\caption@width=\dimen313
\caption@indent=\dimen314
\caption@parindent=\dimen315
\caption@hangindent=\dimen316
Package caption Info: Standard document class detected.
)
\c@caption@flags=\count355
\c@continuedfloat=\count356
Package caption Info: float package is loaded.
Package caption Info: hyperref package is loaded.
Package caption Info: subfigure package is loaded.
)
LaTeX Info: Redefining \subref on input line 189.
Package subcaption Info: The counter `subfigure' was already defined by
(subcaption)             an unknown document class or package on input line 238.
Package subcaption Info: The counter `subtable' was already defined by
(subcaption)             an unknown document class or package on input line 238.
) (C:\Users\ASUS\AppData\Local\Programs\MiKTeX\tex/latex/tools\bm.sty
Package: bm 2025/10/21 v1.2g Bold Symbol Support (DPC/FMi)
\symboldoperators=\mathgroup6
\symboldletters=\mathgroup7
\symboldsymbols=\mathgroup8
Package bm Info: No bold for \OMX/cmex/m/n, using \pmb.
Package bm Info: No bold for \U/msa/m/n, using \pmb.
Package bm Info: No bold for \U/msb/m/n, using \pmb.
LaTeX Font Info:    Redeclaring math alphabet \mathbf on input line 149.
) (C:\Users\ASUS\AppData\Local\Programs\MiKTeX\tex/latex/comment\comment.sty
\CommentStream=\write5
 Excluding comment 'comment') (C:\Users\ASUS\AppData\Local\Programs\MiKTeX\tex/latex/booktabs\booktabs.sty
Package: booktabs 2020/01/12 v1.61803398 Publication quality tables
\heavyrulewidth=\dimen317
\lightrulewidth=\dimen318
\cmidrulewidth=\dimen319
\belowrulesep=\dimen320
\belowbottomsep=\dimen321
\aboverulesep=\dimen322
\abovetopsep=\dimen323
\cmidrulesep=\dimen324
\cmidrulekern=\dimen325
\defaultaddspace=\dimen326
\@cmidla=\count357
\@cmidlb=\count358
\@aboverulesep=\dimen327
\@belowrulesep=\dimen328
\@thisruleclass=\count359
\@lastruleclass=\count360
\@thisrulewidth=\dimen329
) (C:\Users\ASUS\AppData\Local\Programs\MiKTeX\tex/latex/siunitx\siunitx.sty
Package: siunitx 2025-07-09 v3.4.14 A comprehensive (SI) units package
\l__siunitx_number_uncert_offset_int=\count361
\l__siunitx_number_exponent_fixed_int=\count362
\l__siunitx_number_min_decimal_int=\count363
\l__siunitx_number_min_integer_int=\count364
\l__siunitx_number_round_precision_int=\count365
\l__siunitx_number_lower_threshold_int=\count366
\l__siunitx_number_upper_threshold_int=\count367
\l__siunitx_number_group_first_int=\count368
\l__siunitx_number_group_size_int=\count369
\l__siunitx_number_group_minimum_int=\count370
\l__siunitx_angle_tmp_dim=\dimen330
\l__siunitx_angle_marker_box=\box71
\l__siunitx_angle_unit_box=\box72
\l__siunitx_compound_count_int=\count371
 (C:\Users\ASUS\AppData\Local\Programs\MiKTeX\tex/latex/translations\translations.sty
Package: translations 2022/02/05 v1.12 internationalization of LaTeX2e packages (CN)
)
\l__siunitx_table_tmp_box=\box73
\l__siunitx_table_tmp_dim=\dimen331
\l__siunitx_table_column_width_dim=\dimen332
\l__siunitx_table_integer_box=\box74
\l__siunitx_table_decimal_box=\box75
\l__siunitx_table_uncert_box=\box76
\l__siunitx_table_before_box=\box77
\l__siunitx_table_after_box=\box78
\l__siunitx_table_before_dim=\dimen333
\l__siunitx_table_carry_dim=\dimen334
\l__siunitx_unit_tmp_int=\count372
\l__siunitx_unit_position_int=\count373
\l__siunitx_unit_total_int=\count374
 (C:\Users\ASUS\AppData\Local\Programs\MiKTeX\tex/latex/tools\array.sty
Package: array 2025/09/25 v2.6n Tabular extension package (FMi)
\col@sep=\dimen335
\ar@mcellbox=\box79
\extrarowheight=\dimen336
\NC@list=\toks60
\extratabsurround=\skip79
\backup@length=\skip80
\ar@cellbox=\box80
)) (C:\Users\ASUS\AppData\Local\Programs\MiKTeX\tex/latex/psnfss\pifont.sty
Package: pifont 2020/03/25 PSNFSS-v9.3 Pi font support (SPQR) 
LaTeX Font Info:    Trying to load font information for U+pzd on input line 63.
 (C:\Users\ASUS\AppData\Local\Programs\MiKTeX\tex/latex/psnfss\upzd.fd
File: upzd.fd 2001/06/04 font definitions for U/pzd.
)
LaTeX Font Info:    Trying to load font information for U+psy on input line 64.
 (C:\Users\ASUS\AppData\Local\Programs\MiKTeX\tex/latex/psnfss\upsy.fd
File: upsy.fd 2001/06/04 font definitions for U/psy.
)) (C:\Users\ASUS\AppData\Local\Programs\MiKTeX\tex/latex/amscls\amsthm.sty
Package: amsthm 2020/05/29 v2.20.6
\thm@style=\toks61
\thm@bodyfont=\toks62
\thm@headfont=\toks63
\thm@notefont=\toks64
\thm@headpunct=\toks65
\thm@preskip=\skip81
\thm@postskip=\skip82
\thm@headsep=\skip83
\dth@everypar=\toks66
)
\c@proposition=\count375
\c@lemma=\count376
\c@corollary=\count377
\c@theorem=\count378
\c@definition=\count379
\c@remark=\count380
 (C:\Users\ASUS\AppData\Local\Programs\MiKTeX\tex/generic/pgf/frontendlayer/tikz/libraries\tikzlibraryshapes.multipart.code.tex
File: tikzlibraryshapes.multipart.code.tex 2025-08-29 v3.1.11a (3.1.11a)
 (C:\Users\ASUS\AppData\Local\Programs\MiKTeX\tex/generic/pgf/libraries/shapes\pgflibraryshapes.multipart.code.tex
File: pgflibraryshapes.multipart.code.tex 2025-08-29 v3.1.11a (3.1.11a)
\pgfnodepartlowerbox=\box81
\pgfnodeparttwobox=\box82
\pgfnodepartthreebox=\box83
\pgfnodepartfourbox=\box84
\pgfnodeparttwentybox=\box85
\pgfnodepartnineteenbox=\box86
\pgfnodeparteighteenbox=\box87
\pgfnodepartseventeenbox=\box88
\pgfnodepartsixteenbox=\box89
\pgfnodepartfifteenbox=\box90
\pgfnodepartfourteenbox=\box91
\pgfnodepartthirteenbox=\box92
\pgfnodeparttwelvebox=\box93
\pgfnodepartelevenbox=\box94
\pgfnodeparttenbox=\box95
\pgfnodepartninebox=\box96
\pgfnodeparteightbox=\box97
\pgfnodepartsevenbox=\box98
\pgfnodepartsixbox=\box99
\pgfnodepartfivebox=\box100
))
\pgf@layerbox@background=\box101
\pgf@layerboxsaved@background=\box102
\pgf@layerbox@nodelayer=\box103
\pgf@layerboxsaved@nodelayer=\box104
\pgf@layerbox@edgelayer=\box105
\pgf@layerboxsaved@edgelayer=\box106
\pgf@layerbox@foreground=\box107
\pgf@layerboxsaved@foreground=\box108
) (include/gloss.tex (C:\Users\ASUS\AppData\Local\Programs\MiKTeX\tex/latex/glossaries/base\glossaries.sty
Package: glossaries 2026/03/06 v5.0 (NLCT)
 (C:\Users\ASUS\AppData\Local\Programs\MiKTeX\tex/latex/mfirstuc\mfirstuc.sty
Package: mfirstuc 2025/04/03 v2.09 (NLCT)
\@glsmfirst=\toks67
\@glsmrest=\toks68
) (C:\Users\ASUS\AppData\Local\Programs\MiKTeX\tex/latex/xfor\xfor.sty
Package: xfor 2009/02/05 v1.05 (NLCT)
) () (C:\Users\ASUS\AppData\Local\Programs\MiKTeX\tex/latex/datatool\datatool-base.sty
Package: datatool-base 2025/12/04 v3.4.3 (NLCT)
 (C:\Users\ASUS\AppData\Local\Programs\MiKTeX\tex/latex/tracklang\tracklang.sty
Package: tracklang 2025/03/11 v1.6.6 (NLCT) Track Languages
 (C:\Users\ASUS\AppData\Local\Programs\MiKTeX\tex/generic/tracklang\tracklang.tex)
Package tracklang Info: Tracking dialect `english' (language `english') on input line 53.
)
\l__datatool_tmpa_int=\count381
\l__datatool_tmpb_int=\count382
\l__datatool_tmpc_int=\count383
\l__datatool_tmpd_int=\count384
\l__datatool_count_int=\count385
\l__datatool_tmp_datatype_int=\count386
\l__datatool_tmpa_dim=\dimen337
\l__datatool_tmpb_dim=\dimen338
 (C:\Users\ASUS\AppData\Local\Programs\MiKTeX\tex/latex/datatool\datatool-l3fp.def
File: datatool-l3fp.def 2025/12/04 v3.4.3 (NLCT)
)
\@dtl@toks=\toks69
\@dtl@tmpcount=\count387
\dtl@tmplength=\skip84
\l__datatool_measure_box=\box109
\dtl@sortresult=\count388
 (C:\Users\ASUS\AppData\Local\Programs\MiKTeX\tex/latex/datatool\datatool-utf8.ldf
File: datatool-utf8.ldf 2025/12/04 v3.4.3 (NLCT)
)
\@dtl@datatype=\count389
\c_datatool_unknown_int=\count390
\l__datatool_year_int=\count391
\l__datatool_month_int=\count392
\l__datatool_day_int=\count393
\l__datatool_hour_int=\count394
\l__datatool_minute_int=\count395
\l__datatool_second_int=\count396
\l__datatool_tzhour_int=\count397
\l__datatool_tzminute_int=\count398
\l__datatool_julian_int=\count399
\l__datatool_local_julian_int=\count400
\l__datatool_prefix_int=\count401
\l__datatool_suffix_int=\count402
\@dtl@foreach@level=\count403


Package tracklang Warning: No `datatool' support for dialect `english'  on input line 9924.

\dtl@codeA=\count404
\dtl@codeB=\count405
)
\gls@level=\count406
\@gls@tmpb=\toks70
\gls@tmplen=\skip85
\l__glossaries_tmpa_dim=\dimen339
\l__glossaries_tmpb_dim=\dimen340
\glskeylisttok=\toks71
\glslabeltok=\toks72
\glsshorttok=\toks73
\glslongtok=\toks74
 (C:\Users\ASUS\AppData\Local\Programs\MiKTeX\tex/latex/glossaries/styles\glossary-hypernav.sty
Package: glossary-hypernav 2026/03/06 v5.0 (NLCT)
) (C:\Users\ASUS\AppData\Local\Programs\MiKTeX\tex/latex/glossaries/styles\glossary-list.sty
Package: glossary-list 2026/03/06 v5.0 (NLCT)
\glslistdottedwidth=\skip86
) (C:\Users\ASUS\AppData\Local\Programs\MiKTeX\tex/latex/glossaries/styles\glossary-long.sty
Package: glossary-long 2026/03/06 v5.0 (NLCT)
 (C:\Users\ASUS\AppData\Local\Programs\MiKTeX\tex/latex/tools\longtable.sty
Package: longtable 2025-10-13 v4.24 Multi-page Table package (DPC)
\LTleft=\skip87
\LTright=\skip88
\LTpre=\skip89
\LTpost=\skip90
\LTchunksize=\count407
\LTcapwidth=\dimen341
\LT@head=\box110
\LT@firsthead=\box111
\LT@foot=\box112
\LT@lastfoot=\box113
\LT@gbox=\box114
\LT@cols=\count408
\LT@rows=\count409
\c@LT@tables=\count410
\c@LT@chunks=\count411
\LT@p@ftn=\toks75
)
\glsdescwidth=\skip91
\glspagelistwidth=\skip92
) (C:\Users\ASUS\AppData\Local\Programs\MiKTeX\tex/latex/glossaries/styles\glossary-super.sty
Package: glossary-super 2026/03/06 v5.0 (NLCT)
 (C:\Users\ASUS\AppData\Local\Programs\MiKTeX\tex/latex/supertabular\supertabular.sty
Package: supertabular 2025/06/26 v4.2d the supertabular environment
\c@tracingst=\count412
\ST@wd=\dimen342
\ST@rightskip=\skip93
\ST@leftskip=\skip94
\ST@parfillskip=\skip95
\ST@pageleft=\dimen343
\ST@headht=\dimen344
\ST@tailht=\dimen345
\ST@pagesofar=\dimen346
\ST@pboxht=\dimen347
\ST@rowht=\dimen348
\ST@prevht=\dimen349
\ST@toadd=\dimen350
\ST@dimen=\dimen351
\ST@pbox=\box115
)) (C:\Users\ASUS\AppData\Local\Programs\MiKTeX\tex/latex/glossaries/styles\glossary-tree.sty
Package: glossary-tree 2026/03/06 v5.0 (NLCT)
\l__glossaries_tree_max_known_level_int=\count413
\l__glossaries_tree_offset_dim=\dimen352
\l__glossaries_tree_namewidth_dim=\dimen353
\l__glossaries_tree_symbolwidth_dim=\dimen354
\l__glossaries_tree_prenamesym_width_dim=\dimen355
\l__glossaries_tree_presubnamesym_width_dim=\dimen356
\l__glossaries_tree_namewidth_padding_dim=\dimen357
\l__glossaries_tree_symbolwidth_padding_dim=\dimen358
\l__glossaries_tree_namesymbolwidth_dim=\dimen359
\l__glossaries_tree_namesymbolwidth_padding_dim=\dimen360
\l__glossaries_tree_level_int=\count414
\glstreeindent=\skip96
))
runsystem(makeindex -s StudentThesis_Template.ist -t StudentThesis_Template.glg -o StudentThesis_Template.gls StudentThesis_Template.glo)...executed safely (allowed).

runsystem(makeindex -s StudentThesis_Template.ist -t StudentThesis_Template.alg -o StudentThesis_Template.acr StudentThesis_Template.acn)...executed safely (allowed).

runsystem(makeindex -s StudentThesis_Template.ist -t StudentThesis_Template.glg -o StudentThesis_Template.not StudentThesis_Template.nt)...executed safely (allowed).

runsystem(makeindex -s StudentThesis_Template.ist -t StudentThesis_Template.glg -o StudentThesis_Template.sym StudentThesis_Template.sbl)...executed safely (allowed).

\glswrite=\write6
\glo@main@file=\write7
\openout7 = `StudentThesis_Template.glo'.

Package glossaries Info: Writing glossary file StudentThesis_Template.glo on input line 26.
\glo@acronym@file=\write8
\openout8 = `StudentThesis_Template.acn'.

Package glossaries Info: Writing glossary file StudentThesis_Template.acn on input line 26.
\glo@notation@file=\write9
\openout9 = `StudentThesis_Template.nt'.

Package glossaries Info: Writing glossary file StudentThesis_Template.nt on input line 26.
\glo@symbols@file=\write10
\openout10 = `StudentThesis_Template.sbl'.

Package glossaries Info: Writing glossary file StudentThesis_Template.sbl on input line 26.
)
Package translations Info: No language package found. I am going to use `english' as default language. on input line 34.
 (C:\Users\ASUS\AppData\Local\Programs\MiKTeX\tex/latex/l3backend\l3backend-pdftex.def
File: l3backend-pdftex.def 2025-10-09 L3 backend support: PDF output (pdfTeX)
\l__color_backend_stack_int=\count415
) (StudentThesis_Template.aux)
\openout1 = `StudentThesis_Template.aux'.

LaTeX Font Info:    Checking defaults for OML/cmm/m/it on input line 34.
LaTeX Font Info:    ... okay on input line 34.
LaTeX Font Info:    Checking defaults for OMS/cmsy/m/n on input line 34.
LaTeX Font Info:    ... okay on input line 34.
LaTeX Font Info:    Checking defaults for OT1/cmr/m/n on input line 34.
LaTeX Font Info:    ... okay on input line 34.
LaTeX Font Info:    Checking defaults for T1/cmr/m/n on input line 34.
LaTeX Font Info:    ... okay on input line 34.
LaTeX Font Info:    Checking defaults for TS1/cmr/m/n on input line 34.
LaTeX Font Info:    ... okay on input line 34.
LaTeX Font Info:    Checking defaults for OMX/cmex/m/n on input line 34.
LaTeX Font Info:    ... okay on input line 34.
LaTeX Font Info:    Checking defaults for U/cmr/m/n on input line 34.
LaTeX Font Info:    ... okay on input line 34.
LaTeX Font Info:    Checking defaults for PD1/pdf/m/n on input line 34.
LaTeX Font Info:    ... okay on input line 34.
LaTeX Font Info:    Checking defaults for PU/pdf/m/n on input line 34.
LaTeX Font Info:    ... okay on input line 34.
 (C:\Users\ASUS\AppData\Local\Programs\MiKTeX\tex/context/base/mkii\supp-pdf.mkii
[Loading MPS to PDF converter (version 2006.09.02).]
\scratchcounter=\count416
\scratchdimen=\dimen361
\scratchbox=\box116
\nofMPsegments=\count417
\nofMParguments=\count418
\everyMPshowfont=\toks76
\MPscratchCnt=\count419
\MPscratchDim=\dimen362
\MPnumerator=\count420
\makeMPintoPDFobject=\count421
\everyMPtoPDFconversion=\toks77
) (C:\Users\ASUS\AppData\Local\Programs\MiKTeX\tex/latex/epstopdf-pkg\epstopdf-base.sty
Package: epstopdf-base 2020-01-24 v2.11 Base part for package epstopdf
Package epstopdf-base Info: Redefining graphics rule for `.eps' on input line 485.
 (C:\Users\ASUS\AppData\Local\Programs\MiKTeX\tex/latex/00miktex\epstopdf-sys.cfg
File: epstopdf-sys.cfg 2021/03/18 v2.0 Configuration of epstopdf for MiKTeX
)) (C:\Users\ASUS\AppData\Local\Programs\MiKTeX\tex/latex/pdflscape\pdflscape.sty
Package: pdflscape 2022-10-27 v0.13 Display of landscape pages in PDF
 (C:\Users\ASUS\AppData\Local\Programs\MiKTeX\tex/latex/pdflscape\pdflscape-nometadata.sty
Package: pdflscape-nometadata 2022-10-28 v0.13 Display of landscape pages in PDF (HO)
 (C:\Users\ASUS\AppData\Local\Programs\MiKTeX\tex/latex/graphics\lscape.sty
Package: lscape 2020/05/28 v3.02 Landscape Pages (DPC)
)
Package pdflscape Info: Auto-detected driver: pdftex on input line 81.
))
Package hyperref Info: Link coloring OFF on input line 34.
 (StudentThesis_Template.out) (StudentThesis_Template.out)
\@outlinefile=\write11
\openout11 = `StudentThesis_Template.out'.



Package pgfplots Warning: running in backwards compatibility mode (unsuitable tick labels; missing features). Consider writing \pgfplotsset{compat=1.18} into your preamble.
 on input line 34.

Package caption Info: Begin \AtBeginDocument code.
Package caption Info: longtable package is loaded.
(C:\Users\ASUS\AppData\Local\Programs\MiKTeX\tex/latex/caption\ltcaption.sty
Package: ltcaption 2021/01/08 v1.4c longtable captions (AR)
)
Package caption Info: supertabular package is loaded.
Package caption Info: End \AtBeginDocument code.
 (C:\Users\ASUS\AppData\Local\Programs\MiKTeX\tex/latex/translations/dicts\translations-basic-dictionary-english.trsl
File: translations-basic-dictionary-english.trsl (english translation file `translations-basic-dictionary')
)
Package translations Info: loading dictionary `translations-basic-dictionary' for `english'. on input line 34.
LaTeX Font Info:    Trying to load font information for U+msa on input line 67.
 (C:\Users\ASUS\AppData\Local\Programs\MiKTeX\tex/latex/amsfonts\umsa.fd
File: umsa.fd 2013/01/14 v3.01 AMS symbols A
)
LaTeX Font Info:    Trying to load font information for U+msb on input line 67.
 (C:\Users\ASUS\AppData\Local\Programs\MiKTeX\tex/latex/amsfonts\umsb.fd
File: umsb.fd 2013/01/14 v3.01 AMS symbols B
)
<pics/harvard_logo.png, id=286, 246.9225pt x 284.06125pt>
File: pics/harvard_logo.png Graphic file (type png)
<use pics/harvard_logo.png>
Package pdftex.def Info: pics/harvard_logo.png  used on input line 67.
(pdftex.def)             Requested size: 39.57245pt x 45.52458pt.

Overfull \hbox (17.62482pt too wide) in paragraph at lines 67--67
[][] 
 []


Overfull \hbox (17.62482pt too wide) in paragraph at lines 67--67
[][] 
 []


Underfull \hbox (badness 10000) in paragraph at lines 67--67

 []

[1
Non-PDF special ignored!
<special> header=psfrag.pro

\openout6 = `StudentThesis_Template.ist'.

{C:/Users/ASUS/AppData/Local/MiKTeX/fonts/map/pdftex/pdftex.map} <./pics/harvard_logo.png (PNG copy)>] [2

]
<./include/Master_Thesis_Task_Description.pdf, id=298, 597.50829pt x 845.0471pt>
File: ./include/Master_Thesis_Task_Description.pdf Graphic file (type pdf)
<use ./include/Master_Thesis_Task_Description.pdf>
Package pdftex.def Info: ./include/Master_Thesis_Task_Description.pdf  used on input line 90.
(pdftex.def)             Requested size: 597.50682pt x 845.04504pt.
<./include/Master_Thesis_Task_Description.pdf, id=300, page=1, 597.50829pt x 845.0471pt>
File: ./include/Master_Thesis_Task_Description.pdf Graphic file (type pdf)
<use ./include/Master_Thesis_Task_Description.pdf, page 1>
Package pdftex.def Info: ./include/Master_Thesis_Task_Description.pdf , page1 used on input line 90.
(pdftex.def)             Requested size: 597.50682pt x 845.04504pt.
File: ./include/Master_Thesis_Task_Description.pdf Graphic file (type pdf)
<use ./include/Master_Thesis_Task_Description.pdf, page 1>
Package pdftex.def Info: ./include/Master_Thesis_Task_Description.pdf , page1 used on input line 90.
(pdftex.def)             Requested size: 597.53416pt x 845.08372pt.
File: ./include/Master_Thesis_Task_Description.pdf Graphic file (type pdf)
<use ./include/Master_Thesis_Task_Description.pdf, page 1>
Package pdftex.def Info: ./include/Master_Thesis_Task_Description.pdf , page1 used on input line 90.
(pdftex.def)             Requested size: 597.53416pt x 845.08372pt.
File: ./include/Master_Thesis_Task_Description.pdf Graphic file (type pdf)
<use ./include/Master_Thesis_Task_Description.pdf, page 1>
Package pdftex.def Info: ./include/Master_Thesis_Task_Description.pdf , page1 used on input line 90.
(pdftex.def)             Requested size: 597.53416pt x 845.08372pt.
File: ./include/Master_Thesis_Task_Description.pdf Graphic file (type pdf)
<use ./include/Master_Thesis_Task_Description.pdf, page 1>
Package pdftex.def Info: ./include/Master_Thesis_Task_Description.pdf , page1 used on input line 90.
(pdftex.def)             Requested size: 597.53416pt x 845.08372pt.
 [3

 <./include/Master_Thesis_Task_Description.pdf>]
pdfTeX warning (ext4): destination with the same identifier (name{page.1}) has been already used, duplicate ignored
<to be read again> 
                   \relax 
l.102 \begin{abstract}
                       [1]
pdfTeX warning (ext4): destination with the same identifier (name{page.1}) has been already used, duplicate ignored
<to be read again> 
                   \relax 
l.110 \end{abstract}
                     [1]
LaTeX Font Info:    Trying to load font information for OT1+phv on input line 129.
 (C:\Users\ASUS\AppData\Local\Programs\MiKTeX\tex/latex/psnfss\ot1phv.fd
File: ot1phv.fd 2020/03/25 scalable font definitions for OT1/phv.
)

LaTeX Font Warning: Font shape `OT1/phv/a/n' undefined
(Font)              using `OT1/phv/m/n' instead on input line 129.


pdfTeX warning (ext4): destination with the same identifier (name{page.2}) has been already used, duplicate ignored
<to be read again> 
                   \relax 
l.129 \tableofcontents
                       [2] (StudentThesis_Template.toc
pdfTeX warning (ext4): destination with the same identifier (name{page.3}) has been already used, duplicate ignored
<to be read again> 
                   \relax 
l.65 ...}Sparse Relaxations}{57}{subsection.5.2.2}
                                                  % [3{C:/Users/ASUS/AppData/Local/Programs/MiKTeX/fonts/enc/dvips/base/8r.enc}

]
Overfull \hbox (14.96521pt too wide) in paragraph at lines 76--76
 [][] [][]\OT1/cmr/m/n/12 Trajectory Op-ti-miza-tion via Semidef-i-nite Re-lax-ation us-ing Model 
 []

[4])
\tf@toc=\write12
\openout12 = `StudentThesis_Template.toc'.

 (chapters/Introduction.tex [5] [6

]
Chapter 1.
<pics/Introduction/Legged_Robot_high_resolution.pdf, id=427, 355.80931pt x 210.30571pt>
File: pics/Introduction/Legged_Robot_high_resolution.pdf Graphic file (type pdf)
<use pics/Introduction/Legged_Robot_high_resolution.pdf>
Package pdftex.def Info: pics/Introduction/Legged_Robot_high_resolution.pdf  used on input line 25.
(pdftex.def)             Requested size: 200.59244pt x 118.56622pt.
<pics/Introduction/KUKA_high_resolution.pdf, id=428, 362.07271pt x 213.6783pt>
File: pics/Introduction/KUKA_high_resolution.pdf Graphic file (type pdf)
<use pics/Introduction/KUKA_high_resolution.pdf>
Package pdftex.def Info: pics/Introduction/KUKA_high_resolution.pdf  used on input line 30.
(pdftex.def)             Requested size: 200.59244pt x 118.38092pt.
[7] [8 <./pics/Introduction/Legged_Robot_high_resolution.pdf> <./pics/Introduction/KUKA_high_resolution.pdf>]
Overfull \hbox (6.97083pt too wide) in paragraph at lines 216--219
\OT1/cmr/m/n/12 as a poly-no-mial op-ti-miza-tion prob-lem and its so-lu-tion through a sparse Moment-
 []

[9]
Overfull \hbox (13.42781pt too wide) in paragraph at lines 220--225
\OT1/cmr/m/n/12 problem-specific sparse SDP struc-tures and its so-lu-tion through a sparse Moment-
 []

[10]
Overfull \hbox (5.9338pt too wide) in paragraph at lines 297--298
[]\OT1/cmr/m/it/12 What are the ca-pa-bil-i-ties and lim-i-ta-tions of com-bin-ing structure-preserving
 []


Overfull \hbox (0.51147pt too wide) in paragraph at lines 297--298
\OT1/cmr/m/it/12 fea-si-ble and cer-ti-fi-ably op-ti-mal tra-jec-to-ries for single- and multi-body rigid-
 []

[11] [12] [13]) (chapters/Preliminaries.tex [14]
Chapter 2.
LaTeX Font Info:    Trying to load font information for U+euf on input line 55.
(C:\Users\ASUS\AppData\Local\Programs\MiKTeX\tex/latex/amsfonts\ueuf.fd
File: ueuf.fd 2013/01/14 v3.01 Euler Fraktur
) [15

] [16] [17]) (chapters/Continuous_Mechanics.tex [18]
Chapter 3.

LaTeX Warning: Reference `chap:certifiable_trajectory_optimization' on page 19 undefined on input line 30.

[19

] [20] [21] [22]

LaTeX Warning: Reference `sec:momentum_conservation_3d_pendulum' on page 23 undefined on input line 332.


LaTeX Warning: Reference `fig:3d_pendulum' on page 23 undefined on input line 354.

[23]
Overfull \hbox (2.28084pt too wide) in paragraph at lines 401--402
 []\OT1/cmr/bx/n/12 Euler-Lagrange Equa-tions[] \OT1/cmr/m/n/12 In or-der to de-fine the Euler-Lagrange Equa-tion [],
 []

[24] [25] [26]
Overfull \hbox (19.84982pt too wide) in paragraph at lines 532--534
\OT1/cmr/m/n/12 consequently pre-serv-ing the La-grangian mo-men-tum map along the flow $\OML/cmm/m/it/12 J[]  [] \OT1/cmr/m/n/12 =
 []

[27]) (chapters/Discrete_Mechanics.tex [28]
Chapter 4.

Overfull \hbox (7.98056pt too wide) in paragraph at lines 51--56
[]\OT1/cmr/m/n/12 Figure []4.1[] sum-ma-rizes the gen-eral method for de-riv-ing the dis-crete Euler--Lagrange
 []

[29

] [30] [31] [32] [33] [34] [35]
Overfull \hbox (6.4858pt too wide) in paragraph at lines 528--529
 []\OT1/cmr/bx/n/12 Newton It-er-a-tion[] \OT1/cmr/m/n/12 For solv-ing the im-plicit vec-tor equa-tion [] New-ton's method
 []

[36]
Overfull \hbox (9.48476pt too wide) in paragraph at lines 544--545
 []\OT1/cmr/bx/n/12 Configuration Man-i-fold[] \OT1/cmr/m/n/12 The con-fig-u-ra-tion man-i-fold of the un-forced 3D-pendulum
 []


LaTeX Warning: Reference `eq:discrete_exact_lagrangian' on page 37 undefined on input line 565.

[37] [38]
Overfull \hbox (32.4251pt too wide) detected at line 695
[]
 []


Overfull \hbox (5.96832pt too wide) in paragraph at lines 719--721
\OT1/cmr/m/n/12 which is in this model only de-pen-dent of the po-ten-tial en-ergy $\OML/cmm/m/it/12 V\OT1/cmr/m/n/12 (\OML/cmm/b/it/12 R[]\OT1/cmr/m/n/12 ) + \OML/cmm/m/it/12 V\OT1/cmr/m/n/12 (\OML/cmm/b/it/12 R[]F[]\OT1/cmr/m/n/12 )$,
 []


Overfull \hbox (25.64598pt too wide) detected at line 747
[]
 []


Overfull \hbox (51.88774pt too wide) detected at line 777
[]
 []

[39]
Overfull \hbox (3.09558pt too wide) in paragraph at lines 849--852
\OT1/cmr/m/n/12 [[]] de-scribes the pro-ce-dure of ob-tain-ing the discrete-time flow map $(\OML/cmm/b/it/12 R[]\OML/cmm/m/it/12 ; \OML/cmm/b/it/12 R[]\OT1/cmr/m/n/12 ) \OMS/cmsy/m/n/12 !
 []


Overfull \hbox (6.58966pt too wide) in paragraph at lines 849--852
\OT1/cmr/m/n/12 (\OML/cmm/b/it/12 R[]\OML/cmm/m/it/12 ; \OML/cmm/b/it/12 R[]\OT1/cmr/m/n/12 )$, by solv-ing [] find-ing $\OML/cmm/b/it/12 F[]$ \OT1/cmr/m/n/12 for given $(\OML/cmm/b/it/12 R[]\OML/cmm/m/it/12 ; \OML/cmm/b/it/12 R[]\OT1/cmr/m/n/12 )$ and $\OML/cmm/b/it/12 F[] \OT1/cmr/m/n/12 = \OML/cmm/b/it/12 R[]R[]$\OT1/cmr/m/n/12 .
 []

[40] [41]

pdfTeX warning: pdflatex (file ./pics/Maximal_Coordinates_Joint.pdf): PDF inclusion: found PDF version <1.6>, but at most version <1.5> allowed
<pics/Maximal_Coordinates_Joint.pdf, id=1174, 845.04686pt x 478.53882pt>
File: pics/Maximal_Coordinates_Joint.pdf Graphic file (type pdf)
<use pics/Maximal_Coordinates_Joint.pdf>
Package pdftex.def Info: pics/Maximal_Coordinates_Joint.pdf  used on input line 1052.
(pdftex.def)             Requested size: 256.0774pt x 145.00853pt.
[42 <./pics/Maximal_Coordinates_Joint.pdf>]

pdfTeX warning: pdflatex (file ./pics/Acrobot.pdf): PDF inclusion: found PDF version <1.6>, but at most version <1.5> allowed
<pics/Acrobot.pdf, id=1189, 845.04686pt x 633.78517pt>
File: pics/Acrobot.pdf Graphic file (type pdf)
<use pics/Acrobot.pdf>
Package pdftex.def Info: pics/Acrobot.pdf  used on input line 1126.
(pdftex.def)             Requested size: 213.39566pt x 160.04158pt.
[43 <./pics/Acrobot.pdf>] [44] [45] [46] [47] [48]) (chapters/Optimization.tex [49] [50

]
Chapter 5.
[51] [52] [53] [54] [55] [56]
<pics/sparse_relaxation/a_MD.pdf, id=1459, 50.69048pt x 69.67702pt>
File: pics/sparse_relaxation/a_MD.pdf Graphic file (type pdf)
<use pics/sparse_relaxation/a_MD.pdf>
Package pdftex.def Info: pics/sparse_relaxation/a_MD.pdf  used on input line 527.
(pdftex.def)             Requested size: 64.01608pt x 87.99867pt.
<pics/sparse_relaxation/b_MD.pdf, id=1460, 51.0975pt x 67.87427pt>
File: pics/sparse_relaxation/b_MD.pdf Graphic file (type pdf)
<use pics/sparse_relaxation/b_MD.pdf>
Package pdftex.def Info: pics/sparse_relaxation/b_MD.pdf  used on input line 533.
(pdftex.def)             Requested size: 64.01608pt x 85.03938pt.
<pics/sparse_relaxation/c_MD.pdf, id=1461, 52.04042pt x 75.61841pt>
File: pics/sparse_relaxation/c_MD.pdf Graphic file (type pdf)
<use pics/sparse_relaxation/c_MD.pdf>
Package pdftex.def Info: pics/sparse_relaxation/c_MD.pdf  used on input line 539.
(pdftex.def)             Requested size: 64.01608pt x 93.0216pt.
 [57]
Overfull \hbox (16.83672pt too wide) in paragraph at lines 587--592
\OT1/cmr/m/n/12 prop-erty [] re-sults from the Markov struc-ture of the dis-cretized dy-nam-ics [[]]. 
 []

<./pics/sparse_relaxation/I_k.pdf, id=1479, 1211.5156pt x 583.7055pt>
File: ./pics/sparse_relaxation/I_k.pdf Graphic file (type pdf)
<use ./pics/sparse_relaxation/I_k.pdf>
Package pdftex.def Info: ./pics/sparse_relaxation/I_k.pdf  used on input line 602.
(pdftex.def)             Requested size: 256.0774pt x 123.37447pt.
[58 <./pics/sparse_relaxation/a_MD.pdf> <./pics/sparse_relaxation/b_MD.pdf> <./pics/sparse_relaxation/c_MD.pdf>]
<pics/sparse_relaxation/dense_moment_relaxation.pdf, id=1723, 132.37537pt x 107.10916pt>
File: pics/sparse_relaxation/dense_moment_relaxation.pdf Graphic file (type pdf)
<use pics/sparse_relaxation/dense_moment_relaxation.pdf>
Package pdftex.def Info: pics/sparse_relaxation/dense_moment_relaxation.pdf  used on input line 667.
(pdftex.def)             Requested size: 187.78922pt x 151.9457pt.
<pics/sparse_relaxation/sparse_moment_relaxation.pdf, id=1724, 75.01988pt x 115.18202pt>
File: pics/sparse_relaxation/sparse_moment_relaxation.pdf Graphic file (type pdf)
<use pics/sparse_relaxation/sparse_moment_relaxation.pdf>
Package pdftex.def Info: pics/sparse_relaxation/sparse_moment_relaxation.pdf  used on input line 672.
(pdftex.def)             Requested size: 106.69783pt x 163.82674pt.
 [59 <./pics/sparse_relaxation/I_k.pdf>] [60 <./pics/sparse_relaxation/dense_moment_relaxation.pdf> <./pics/sparse_relaxation/sparse_moment_relaxation.pdf>]
Overfull \hbox (14.56647pt too wide) in paragraph at lines 716--716
[]\OT1/cmr/bx/n/17.28 Discrete Mo-tion Plan-ning for the 3D-Pendulum 
 []

[61] [62]

LaTeX Warning: Reference `sec:optimization_results' on page 63 undefined on input line 908.

[63]

LaTeX Warning: Citation `eq:acrobot_full_del_shifted_kinematics_1' on page 64 undefined on input line 957.


LaTeX Warning: Citation `eq:acrobot_full_del_shifted_kinematics_2' on page 64 undefined on input line 957.

[64] [65] [66] [67]
<pics/Optimization/Acrobot/MPC_SDP_Loop.pdf, id=2127, 1187.34926pt x 335.5221pt>
File: pics/Optimization/Acrobot/MPC_SDP_Loop.pdf Graphic file (type pdf)
<use pics/Optimization/Acrobot/MPC_SDP_Loop.pdf>
Package pdftex.def Info: pics/Optimization/Acrobot/MPC_SDP_Loop.pdf  used on input line 1390.
(pdftex.def)             Requested size: 426.79134pt x 120.59843pt.
 [68 <./pics/Optimization/Acrobot/MPC_SDP_Loop.pdf>]
Overfull \hbox (22.48053pt too wide) in paragraph at lines 1448--1454
\OT1/cmr/m/n/12 pro-vides the nor-mal-ized first con-trol $[]$ out of the so-lu-tion vec-tor $\OMS/cmsy/m/n/12 f[]\OML/cmm/m/it/12 ; []; [] ; []\OMS/cmsy/m/n/12 g$\OT1/cmr/m/n/12 .
 []

[69] (pics/Optimization/Acrobot/mpc_logic.tikz)) (chapters/Evaluation.tex [70]
Chapter 6.

LaTeX Warning: Reference `sec:' on page 71 undefined on input line 7.

[71

]

LaTeX Warning: Reference `sec:discrete_3d_pendulum' on page 72 undefined on input line 88.

[72]

LaTeX Warning: Reference `eq:forced_3D_pendulum_hamilton' on page 73 undefined on input line 136.

[73]
<pics/Numerical_Simulation/Total_Energy.pdf, id=2243, 578.16pt x 397.485pt>
File: pics/Numerical_Simulation/Total_Energy.pdf Graphic file (type pdf)
<use pics/Numerical_Simulation/Total_Energy.pdf>
Package pdftex.def Info: pics/Numerical_Simulation/Total_Energy.pdf  used on input line 171.
(pdftex.def)             Requested size: 209.1301pt x 143.77377pt.
<pics/Numerical_Simulation/Delta_E.pdf, id=2244, 578.16pt x 392.42609pt>
File: pics/Numerical_Simulation/Delta_E.pdf Graphic file (type pdf)
<use pics/Numerical_Simulation/Delta_E.pdf>
Package pdftex.def Info: pics/Numerical_Simulation/Delta_E.pdf  used on input line 177.
(pdftex.def)             Requested size: 209.1301pt x 141.94392pt.
<pics/Numerical_Simulation/Momentum_error.pdf, id=2245, 578.16pt x 397.485pt>
File: pics/Numerical_Simulation/Momentum_error.pdf Graphic file (type pdf)
<use pics/Numerical_Simulation/Momentum_error.pdf>
Package pdftex.def Info: pics/Numerical_Simulation/Momentum_error.pdf  used on input line 185.
(pdftex.def)             Requested size: 209.1301pt x 143.77377pt.
<pics/Numerical_Simulation/Orthogonality_error.pdf, id=2246, 578.16pt x 397.485pt>
File: pics/Numerical_Simulation/Orthogonality_error.pdf Graphic file (type pdf)
<use pics/Numerical_Simulation/Orthogonality_error.pdf>
Package pdftex.def Info: pics/Numerical_Simulation/Orthogonality_error.pdf  used on input line 191.
(pdftex.def)             Requested size: 209.1301pt x 143.77377pt.
 [74 <./pics/Numerical_Simulation/Total_Energy.pdf> <./pics/Numerical_Simulation/Delta_E.pdf> <./pics/Numerical_Simulation/Momentum_error.pdf> <./pics/Numerical_Simulation/Orthogonality_error.pdf>] [75]

LaTeX Warning: Reference `eq:forced_3D_pendulum_hamilton' on page 76 undefined on input line 282.

<pics/Numerical_Simulation/Forced_3D_Pendulum_Trajectory.pdf, id=2446, 578.16pt x 397.485pt>
File: pics/Numerical_Simulation/Forced_3D_Pendulum_Trajectory.pdf Graphic file (type pdf)
<use pics/Numerical_Simulation/Forced_3D_Pendulum_Trajectory.pdf>
Package pdftex.def Info: pics/Numerical_Simulation/Forced_3D_Pendulum_Trajectory.pdf  used on input line 327.
(pdftex.def)             Requested size: 209.1301pt x 143.77377pt.
<pics/Numerical_Simulation/Forced_3D_Pendulum_Ek.pdf, id=2447, 578.16pt x 397.485pt>
File: pics/Numerical_Simulation/Forced_3D_Pendulum_Ek.pdf Graphic file (type pdf)
<use pics/Numerical_Simulation/Forced_3D_Pendulum_Ek.pdf>
Package pdftex.def Info: pics/Numerical_Simulation/Forced_3D_Pendulum_Ek.pdf  used on input line 333.
(pdftex.def)             Requested size: 209.1301pt x 143.77377pt.
<pics/Numerical_Simulation/Forced_3D_Pendulum_Orth_Error.pdf, id=2448, 578.16pt x 397.485pt>
File: pics/Numerical_Simulation/Forced_3D_Pendulum_Orth_Error.pdf Graphic file (type pdf)
<use pics/Numerical_Simulation/Forced_3D_Pendulum_Orth_Error.pdf>
Package pdftex.def Info: pics/Numerical_Simulation/Forced_3D_Pendulum_Orth_Error.pdf  used on input line 341.
(pdftex.def)             Requested size: 209.1301pt x 143.77377pt.
<pics/Numerical_Simulation/Forced_3D_Pendulum_Omega.pdf, id=2449, 650.43pt x 578.16pt>
File: pics/Numerical_Simulation/Forced_3D_Pendulum_Omega.pdf Graphic file (type pdf)
<use pics/Numerical_Simulation/Forced_3D_Pendulum_Omega.pdf>
Package pdftex.def Info: pics/Numerical_Simulation/Forced_3D_Pendulum_Omega.pdf  used on input line 347.
(pdftex.def)             Requested size: 209.1301pt x 185.88835pt.
[76] [77 <./pics/Numerical_Simulation/Forced_3D_Pendulum_Trajectory.pdf> <./pics/Numerical_Simulation/Forced_3D_Pendulum_Ek.pdf> <./pics/Numerical_Simulation/Forced_3D_Pendulum_Orth_Error.pdf> <./pics/Numerical_Simulation/Forced_3D_Pendulum_Omega.pdf>]

LaTeX Warning: Reference `sec:acrobot' on page 78 undefined on input line 405.


LaTeX Warning: Reference `sec:numerical_simulation_3d_pendulum' on page 78 undefined on input line 407.

[78]

LaTeX Warning: Reference `eq:' on page 79 undefined on input line 505.


LaTeX Warning: Reference `eq:Rotationmatrices_angle_constructions' on page 79 undefined on input line 507.

[79]
<pics/Numerical_Simulation/Acrobot/acrobot_unforced_total_energy.pdf, id=2632, 578.16pt x 397.485pt>
File: pics/Numerical_Simulation/Acrobot/acrobot_unforced_total_energy.pdf Graphic file (type pdf)
<use pics/Numerical_Simulation/Acrobot/acrobot_unforced_total_energy.pdf>
Package pdftex.def Info: pics/Numerical_Simulation/Acrobot/acrobot_unforced_total_energy.pdf  used on input line 559.
(pdftex.def)             Requested size: 209.1301pt x 143.77377pt.
<pics/Numerical_Simulation/Acrobot/acrobot_unforced_position_error_norm.pdf, id=2633, 578.16pt x 397.485pt>
File: pics/Numerical_Simulation/Acrobot/acrobot_unforced_position_error_norm.pdf Graphic file (type pdf)
<use pics/Numerical_Simulation/Acrobot/acrobot_unforced_position_error_norm.pdf>
Package pdftex.def Info: pics/Numerical_Simulation/Acrobot/acrobot_unforced_position_error_norm.pdf  used on input line 565.
(pdftex.def)             Requested size: 209.1301pt x 143.77377pt.
<pics/Numerical_Simulation/Acrobot/acrobot_unforced_holonomic_constraint_residuals.pdf, id=2634, 578.16pt x 397.485pt>
File: pics/Numerical_Simulation/Acrobot/acrobot_unforced_holonomic_constraint_residuals.pdf Graphic file (type pdf)
<use pics/Numerical_Simulation/Acrobot/acrobot_unforced_holonomic_constraint_residuals.pdf>
Package pdftex.def Info: pics/Numerical_Simulation/Acrobot/acrobot_unforced_holonomic_constraint_residuals.pdf  used on input line 573.
(pdftex.def)             Requested size: 209.1301pt x 143.77377pt.
<pics/Numerical_Simulation/Acrobot/acrobot_unforced_orthogonality_error.pdf, id=2635, 578.16pt x 397.485pt>
File: pics/Numerical_Simulation/Acrobot/acrobot_unforced_orthogonality_error.pdf Graphic file (type pdf)
<use pics/Numerical_Simulation/Acrobot/acrobot_unforced_orthogonality_error.pdf>
Package pdftex.def Info: pics/Numerical_Simulation/Acrobot/acrobot_unforced_orthogonality_error.pdf  used on input line 579.
(pdftex.def)             Requested size: 209.1301pt x 143.77377pt.


LaTeX Warning: Reference `sec:--' on page 80 undefined on input line 587.


LaTeX Warning: Reference `sec:...' on page 80 undefined on input line 591.

[80] [81 <./pics/Numerical_Simulation/Acrobot/acrobot_unforced_total_energy.pdf> <./pics/Numerical_Simulation/Acrobot/acrobot_unforced_position_error_norm.pdf> <./pics/Numerical_Simulation/Acrobot/acrobot_unforced_holonomic_constraint_residuals.pdf> <./pics/Numerical_Simulation/Acrobot/acrobot_unforced_orthogonality_error.pdf>]
<pics/Numerical_Simulation/Acrobot/forced_sine_total_energy.pdf, id=2801, 578.16pt x 397.485pt>
File: pics/Numerical_Simulation/Acrobot/forced_sine_total_energy.pdf Graphic file (type pdf)
<use pics/Numerical_Simulation/Acrobot/forced_sine_total_energy.pdf>
Package pdftex.def Info: pics/Numerical_Simulation/Acrobot/forced_sine_total_energy.pdf  used on input line 616.
(pdftex.def)             Requested size: 209.1301pt x 143.77377pt.
<pics/Numerical_Simulation/Acrobot/forced_sine_position_error.pdf, id=2802, 578.16pt x 397.485pt>
File: pics/Numerical_Simulation/Acrobot/forced_sine_position_error.pdf Graphic file (type pdf)
<use pics/Numerical_Simulation/Acrobot/forced_sine_position_error.pdf>
Package pdftex.def Info: pics/Numerical_Simulation/Acrobot/forced_sine_position_error.pdf  used on input line 622.
(pdftex.def)             Requested size: 209.1301pt x 143.77377pt.
<pics/Numerical_Simulation/Acrobot/forced_sine_constraint_residuals.pdf, id=2803, 578.16pt x 397.485pt>
File: pics/Numerical_Simulation/Acrobot/forced_sine_constraint_residuals.pdf Graphic file (type pdf)
<use pics/Numerical_Simulation/Acrobot/forced_sine_constraint_residuals.pdf>
Package pdftex.def Info: pics/Numerical_Simulation/Acrobot/forced_sine_constraint_residuals.pdf  used on input line 630.
(pdftex.def)             Requested size: 209.1301pt x 143.77377pt.
<pics/Numerical_Simulation/Acrobot/forced_sine_orthogonality_error.pdf, id=2804, 578.16pt x 397.485pt>
File: pics/Numerical_Simulation/Acrobot/forced_sine_orthogonality_error.pdf Graphic file (type pdf)
<use pics/Numerical_Simulation/Acrobot/forced_sine_orthogonality_error.pdf>
Package pdftex.def Info: pics/Numerical_Simulation/Acrobot/forced_sine_orthogonality_error.pdf  used on input line 636.
(pdftex.def)             Requested size: 209.1301pt x 143.77377pt.
 [82 <./pics/Numerical_Simulation/Acrobot/forced_sine_total_energy.pdf> <./pics/Numerical_Simulation/Acrobot/forced_sine_position_error.pdf> <./pics/Numerical_Simulation/Acrobot/forced_sine_constraint_residuals.pdf> <./pics/Numerical_Simulation/Acrobot/forced_sine_orthogonality_error.pdf>]

LaTeX Warning: Reference `sec:' on page 83 undefined on input line 648.


LaTeX Warning: Reference `sec:multi_body_system' on page 83 undefined on input line 654.

[83] [84]
<pics/Optimization/3D_Pendulum/MD_180_deg_Pendulum_trajectory.pdf, id=2999, 508.0581pt x 435.0654pt>
File: pics/Optimization/3D_Pendulum/MD_180_deg_Pendulum_trajectory.pdf Graphic file (type pdf)
<use pics/Optimization/3D_Pendulum/MD_180_deg_Pendulum_trajectory.pdf>
Package pdftex.def Info: pics/Optimization/3D_Pendulum/MD_180_deg_Pendulum_trajectory.pdf  used on input line 873.
(pdftex.def)             Requested size: 209.1301pt x 179.08163pt.
<pics/Optimization/3D_Pendulum/MD_180_deg_Pendulum_control_input.pdf, id=3000, 578.16pt x 397.485pt>
File: pics/Optimization/3D_Pendulum/MD_180_deg_Pendulum_control_input.pdf Graphic file (type pdf)
<use pics/Optimization/3D_Pendulum/MD_180_deg_Pendulum_control_input.pdf>
Package pdftex.def Info: pics/Optimization/3D_Pendulum/MD_180_deg_Pendulum_control_input.pdf  used on input line 879.
(pdftex.def)             Requested size: 209.1301pt x 143.77377pt.
<pics/Optimization/3D_Pendulum/MD_180_deg_Pendulum_frobenius.pdf, id=3001, 578.16pt x 397.485pt>
File: pics/Optimization/3D_Pendulum/MD_180_deg_Pendulum_frobenius.pdf Graphic file (type pdf)
<use pics/Optimization/3D_Pendulum/MD_180_deg_Pendulum_frobenius.pdf>
Package pdftex.def Info: pics/Optimization/3D_Pendulum/MD_180_deg_Pendulum_frobenius.pdf  used on input line 887.
(pdftex.def)             Requested size: 209.1301pt x 143.77377pt.
<pics/Optimization/3D_Pendulum/MD_180_deg_Pendulum_orthogonality.pdf, id=3002, 578.16pt x 397.485pt>
File: pics/Optimization/3D_Pendulum/MD_180_deg_Pendulum_orthogonality.pdf Graphic file (type pdf)
<use pics/Optimization/3D_Pendulum/MD_180_deg_Pendulum_orthogonality.pdf>
Package pdftex.def Info: pics/Optimization/3D_Pendulum/MD_180_deg_Pendulum_orthogonality.pdf  used on input line 893.
(pdftex.def)             Requested size: 209.1301pt x 143.77377pt.
 [85] [86 <./pics/Optimization/3D_Pendulum/MD_180_deg_Pendulum_trajectory.pdf> <./pics/Optimization/3D_Pendulum/MD_180_deg_Pendulum_control_input.pdf> <./pics/Optimization/3D_Pendulum/MD_180_deg_Pendulum_frobenius.pdf> <./pics/Optimization/3D_Pendulum/MD_180_deg_Pendulum_orthogonality.pdf>] [87]
Overfull \hbox (32.71817pt too wide) in paragraph at lines 1081--1085
[]\OT1/cmr/m/n/12 The max-i-mum nu-mer-i-cal rank con-di-tion $\OML/cmm/m/it/12 ^^N[]$ \OT1/cmr/m/n/12 is eval-u-ated ac-cord-ing to [] [[]].
 []

[88] [89] [90]
<pics/Optimization/Acrobot/u5_target_rotation_error_norm.pdf, id=3212, 539.14223pt x 358.83374pt>
File: pics/Optimization/Acrobot/u5_target_rotation_error_norm.pdf Graphic file (type pdf)
<use pics/Optimization/Acrobot/u5_target_rotation_error_norm.pdf>
Package pdftex.def Info: pics/Optimization/Acrobot/u5_target_rotation_error_norm.pdf  used on input line 1363.
(pdftex.def)             Requested size: 209.1301pt x 139.189pt.
<pics/Optimization/Acrobot/u5_control_inputs.pdf, id=3213, 539.39064pt x 358.83374pt>
File: pics/Optimization/Acrobot/u5_control_inputs.pdf Graphic file (type pdf)
<use pics/Optimization/Acrobot/u5_control_inputs.pdf>
Package pdftex.def Info: pics/Optimization/Acrobot/u5_control_inputs.pdf  used on input line 1369.
(pdftex.def)             Requested size: 209.1301pt x 139.12875pt.
<pics/Optimization/Acrobot/u5_SO2_errors_R_F.pdf, id=3214, 539.22818pt x 358.83374pt>
File: pics/Optimization/Acrobot/u5_SO2_errors_R_F.pdf Graphic file (type pdf)
<use pics/Optimization/Acrobot/u5_SO2_errors_R_F.pdf>
Package pdftex.def Info: pics/Optimization/Acrobot/u5_SO2_errors_R_F.pdf  used on input line 1377.
(pdftex.def)             Requested size: 209.1301pt x 139.16708pt.
<pics/Optimization/Acrobot/rank_condition_u5.pdf, id=3215, 578.16pt x 397.485pt>
File: pics/Optimization/Acrobot/rank_condition_u5.pdf Graphic file (type pdf)
<use pics/Optimization/Acrobot/rank_condition_u5.pdf>
Package pdftex.def Info: pics/Optimization/Acrobot/rank_condition_u5.pdf  used on input line 1383.
(pdftex.def)             Requested size: 209.1301pt x 143.77377pt.

Overfull \hbox (20.9932pt too wide) in paragraph at lines 1393--1403
\OT1/cmr/m/n/12 and achieved sta-bi-liza-tion. The com-bined start-ing at-ti-tude er-ror $\OML/cmm/m/it/12 e[] \OT1/cmr/m/n/12 = [][]$
 []

[91] [92 <./pics/Optimization/Acrobot/u5_target_rotation_error_norm.pdf> <./pics/Optimization/Acrobot/u5_control_inputs.pdf> <./pics/Optimization/Acrobot/u5_SO2_errors_R_F.pdf> <./pics/Optimization/Acrobot/rank_condition_u5.pdf>]
<pics/Optimization/Acrobot/basin_of_attraction_01.pdf, id=3376, 688.0104pt x 730.64969pt>
File: pics/Optimization/Acrobot/basin_of_attraction_01.pdf Graphic file (type pdf)
<use pics/Optimization/Acrobot/basin_of_attraction_01.pdf>
Package pdftex.def Info: pics/Optimization/Acrobot/basin_of_attraction_01.pdf  used on input line 1497.
(pdftex.def)             Requested size: 192.0548pt x 188.86566pt.
<pics/Optimization/Acrobot/basin_of_attraction_005.pdf, id=3378, 620.79929pt x 661.2705pt>
File: pics/Optimization/Acrobot/basin_of_attraction_005.pdf Graphic file (type pdf)
<use pics/Optimization/Acrobot/basin_of_attraction_005.pdf>
Package pdftex.def Info: pics/Optimization/Acrobot/basin_of_attraction_005.pdf  used on input line 1503.
(pdftex.def)             Requested size: 192.0548pt x 187.84415pt.
<pics/Optimization/Acrobot/basin_of_attraction_00025.pdf, id=3380, 665.60669pt x 706.0779pt>
File: pics/Optimization/Acrobot/basin_of_attraction_00025.pdf Graphic file (type pdf)
<use pics/Optimization/Acrobot/basin_of_attraction_00025.pdf>
Package pdftex.def Info: pics/Optimization/Acrobot/basin_of_attraction_00025.pdf  used on input line 1509.
(pdftex.def)             Requested size: 192.0548pt x 188.13518pt.
 [93] [94 <./pics/Optimization/Acrobot/basin_of_attraction_01.pdf> <./pics/Optimization/Acrobot/basin_of_attraction_005.pdf> <./pics/Optimization/Acrobot/basin_of_attraction_00025.pdf>]
<pics/Optimization/Acrobot/acrobot_mpc_sampled_trajectory_01_20_140.pdf, id=3476, 421.55243pt x 409.5231pt>
File: pics/Optimization/Acrobot/acrobot_mpc_sampled_trajectory_01_20_140.pdf Graphic file (type pdf)
<use pics/Optimization/Acrobot/acrobot_mpc_sampled_trajectory_01_20_140.pdf>
Package pdftex.def Info: pics/Optimization/Acrobot/acrobot_mpc_sampled_trajectory_01_20_140.pdf  used on input line 1564.
(pdftex.def)             Requested size: 209.1301pt x 203.16135pt.
<pics/Optimization/Acrobot/acrobot_mpc_sampled_trajectory_00025_20_140.pdf, id=3477, 421.55243pt x 409.5231pt>
File: pics/Optimization/Acrobot/acrobot_mpc_sampled_trajectory_00025_20_140.pdf Graphic file (type pdf)
<use pics/Optimization/Acrobot/acrobot_mpc_sampled_trajectory_00025_20_140.pdf>
Package pdftex.def Info: pics/Optimization/Acrobot/acrobot_mpc_sampled_trajectory_00025_20_140.pdf  used on input line 1570.
(pdftex.def)             Requested size: 209.1301pt x 203.16135pt.
 [95 <./pics/Optimization/Acrobot/acrobot_mpc_sampled_trajectory_01_20_140.pdf> <./pics/Optimization/Acrobot/acrobot_mpc_sampled_trajectory_00025_20_140.pdf>]) (chapters/Discussion.tex [96]
Chapter 7.

Overfull \hbox (2.41971pt too wide) in paragraph at lines 41--51
 []\OT1/cmr/bx/n/12 Single-body op-ti-miza-tion[] \OT1/cmr/m/n/12 The 3D pen-du-lum demon-strates the com-plete method
 []

[97

] [98]
Overfull \hbox (5.40207pt too wide) in paragraph at lines 104--112
 []\OT1/cmr/bx/n/12 Open-loop Ac-robot op-ti-miza-tion[] \OT1/cmr/m/n/12 The open-loop SDP eval-u-a-tion in Sec-tion[]6.3.1[]
 []

[99] [100]) (chapters/Conclusion.tex [101] [102

]
Chapter 8.
Excluding 'comment' comment.) (chapters/Appendix.tex [103] [104

]
Appendix A.
[105] [106] [107] [108]
Appendix B.

LaTeX Warning: Reference `eq:acrobot_reduced_differences' on page 109 undefined on input line 316.

[109

] [110]
Overfull \hbox (13.17451pt too wide) in paragraph at lines 452--452
[]\OT1/cmr/bx/n/17.28 Kinematics, Ro-ta-tion Con-straints, and Bounds 
 []

[111] [112]
Appendix C.
[113

] [114]) [115] [116

] (StudentThesis_Template.lof [117

]
Overfull \hbox (8.7426pt too wide) in paragraph at lines 26--26
 \OT1/cmr/m/n/12 with $\OML/cmm/m/it/12 u[] \OT1/cmr/m/n/12 = 15 []$. The tu-ples $(^^A\OML/cmm/m/it/12 t[]; \OT1/cmr/m/n/12 ^^A\OML/cmm/m/it/12 t[]; \OT1/cmr/m/n/12 ^^A\OML/cmm/m/it/12 t[]\OT1/cmr/m/n/12 )$ are $(0\OML/cmm/m/it/12 :\OT1/cmr/m/n/12 1\OML/cmm/m/it/12 ; \OT1/cmr/m/n/12 0\OML/cmm/m/it/12 :\OT1/cmr/m/n/12 1\OML/cmm/m/it/12 ; \OT1/cmr/m/n/12 0\OML/cmm/m/it/12 :\OT1/cmr/m/n/12 1) s$ 
 []

)
\tf@lof=\write13
\openout13 = `StudentThesis_Template.lof'.

 [118] (StudentThesis_Template.lot
Overfull \hbox (0.40846pt too wide) in paragraph at lines 12--12
 [][] [][]\OT1/cmr/m/n/12 Results of the Ac-robot tra-jec-tory op-ti-miza-tion us-ing the spe-cial multi- 
 []


Overfull \hbox (22.68733pt too wide) in paragraph at lines 12--12
 \OT1/cmr/m/n/12 body SELF clique con-struc-tion $\OML/cmm/b/it/12 z[]\OT1/cmr/m/n/12 (\OMS/cmsy/m/n/12 I[]\OT1/cmr/m/n/12 )$, $\OML/cmm/b/it/12 z[]\OT1/cmr/m/n/12 (\OMS/cmsy/m/n/12 I[]\OT1/cmr/m/n/12 )$, $\OML/cmm/b/it/12 z[]\OT1/cmr/m/n/12 (\OMS/cmsy/m/n/12 I[]\OT1/cmr/m/n/12 )$, and $\OML/cmm/b/it/12 z[]\OT1/cmr/m/n/12 (\OMS/cmsy/m/n/12 I[]\OT1/cmr/m/n/12 )$. 
 []

)
\tf@lot=\write14
\openout14 = `StudentThesis_Template.lot'.

 [119


] [120

] (StudentThesis_Template.acr) [121


] [122

] (StudentThesis_Template.not
Overfull \hbox (7.58409pt too wide) in paragraph at lines 29--29
[][]\OT1/cmr/m/n/12 superscript/overhat on a con-trol or mul-ti-plier: nor-mal-ized quan-tity rescaled
 []

) [123


] [124

] (StudentThesis_Template.sym [125


]
Overfull \hbox (8.80785pt too wide) in paragraph at lines 34--34
[][]\OT1/cmr/m/n/12 maximal-coordinate con-fig-u-ra-tion man-i-fold of a multi-body sys-tem, $\OML/cmm/b/it/12 Q[] \OT1/cmr/m/n/12 =
 []


Overfull \hbox (26.07213pt too wide) in paragraph at lines 54--54
[][]\OT1/cmr/m/n/12 relative (in-cre-men-tal) ro-ta-tion up-date, $\OML/cmm/b/it/12 R[] \OT1/cmr/m/n/12 = \OML/cmm/b/it/12 R[]F[]$\OT1/cmr/m/n/12 ; the $\OML/cmm/m/it/12 SO\OT1/cmr/m/n/12 (\OML/cmm/m/it/12 d\OT1/cmr/m/n/12 )$-specialization
 []

[126]
Overfull \hbox (1.11621pt too wide) in paragraph at lines 84--84
[][]\OT1/cmr/m/n/12 rank/tightness met-ric of the SDP re-lax-ation: the largest second-eigenvalue
 []

) [127] [128

] (StudentThesis_Template.bbl
Underfull \hbox (badness 1762) in paragraph at lines 59--68
[]\OT1/cmr/m/n/12 Elena Celle-doni and Bryn-julf Owren.  Lie group meth-ods for
 []

[129

]
Underfull \hbox (badness 1609) in paragraph at lines 87--93
\OT1/cmr/m/n/12 2026.  URL: []$\OT1/cmtt/m/n/12 https : / / github . com / EdonisElshani / Certifiable _
 []

[130]
Underfull \hbox (badness 1394) in paragraph at lines 224--229
\OT1/cmr/m/n/12 in-te-gra-tors.  \OT1/cmr/m/it/12 Acta Nu-mer-ica\OT1/cmr/m/n/12 , 10:357--514, 2001.  []$\OT1/cmtt/m/n/12 doi : 10 . 1017 /
 []

[131]
Underfull \hbox (badness 10000) in paragraph at lines 248--256
\OT1/cmtt/m/n/12 sciencedirect . com / science / article / pii / S0764444299802511$[]\OT1/cmr/m/n/12 ,
 []


Underfull \hbox (badness 10000) in paragraph at lines 258--264
\OT1/cmtt/m/n/12 spiff . rit . edu / classes / phys216 / workshops / w9b / momi _ table . pdf$[]\OT1/cmr/m/n/12 .
 []


Underfull \hbox (badness 10000) in paragraph at lines 266--273
[]\OT1/cmr/m/n/12 Vishwam Sankaran.  Sci-en-tists de-velop four-legged
 []


Underfull \hbox (badness 10000) in paragraph at lines 266--273
\OT1/cmr/m/n/12 robot that hikes dif-fi-cult ter-rain faster than av-er-
 []


Underfull \hbox (badness 10000) in paragraph at lines 266--273
\OT1/cmr/m/n/12 age hu-man.  []$\OT1/cmtt/m/n/12 https : / / www . the-[]independent . com / tech /
 []


Underfull \hbox (badness 10000) in paragraph at lines 266--273
\OT1/cmtt/m/n/12 legged-[]robot-[]hikes-[]faster-[]superhuman-[]b1999222 . html$[]\OT1/cmr/m/n/12 , Jan-
 []

[132]
Underfull \hbox (badness 5133) in paragraph at lines 306--312
\OT1/cmr/m/n/12 so-lu-tions at fabtech.  []$\OT1/cmtt/m/n/12 https : / / thermalprocessing . com / news /
 []


Overfull \hbox (59.45816pt too wide) in paragraph at lines 306--312
\OT1/cmtt/m/n/12 kuka-[]plasmatreat-[]to-[]highlight-[]surface-[]bonding-[]solutions-[]at-[]fabtech/$[]\OT1/cmr/m/n/12 ,
 []

) [133] [134

] [135

] (StudentThesis_Template.aux)
 ***********
LaTeX2e <2025-11-01>
L3 programming layer <2026-01-19>
 ***********


LaTeX Font Warning: Some font shapes were not available, defaults substituted.


LaTeX Warning: There were undefined references.

Package rerunfilecheck Info: File `StudentThesis_Template.out' has not changed.
(rerunfilecheck)             Checksum: 6B7717FD8D8B55417FA07DFD2786D3D3;14839.
 ) 
Here is how much of TeX's memory you used:
 50848 strings out of 467867
 1221919 string characters out of 5418818
 1696576 words of memory out of 5000000
 78081 multiletter control sequences out of 15000+600000
 653831 words of font info for 130 fonts, out of 8000000 for 9000
 1142 hyphenation exceptions out of 8191
 114i,18n,134p,2630b,1240s stack positions out of 10000i,1000n,20000p,200000b,200000s
 <C:\Users\ASUS\AppData\Local\MiKTeX\fonts/pk/ljfour/jknappen/ec/dpi600\tcrm1200.pk><C:/Users/ASUS/AppData/Local/Programs/MiKTeX/fonts/type1/public/amsfonts/cm/cmbsy10.pfb><C:/Users/ASUS/AppData/Local/Programs/MiKTeX/fonts/type1/public/amsfonts/cmextra/cmbsy8.pfb><C:/Users/ASUS/AppData/Local/Programs/MiKTeX/fonts/type1/public/amsfonts/cm/cmbx10.pfb><C:/Users/ASUS/AppData/Local/Programs/MiKTeX/fonts/type1/public/amsfonts/cm/cmbx12.pfb><C:/Users/ASUS/AppData/Local/Programs/MiKTeX/fonts/type1/public/amsfonts/cm/cmbx7.pfb><C:/Users/ASUS/AppData/Local/Programs/MiKTeX/fonts/type1/public/amsfonts/cm/cmbx8.pfb><C:/Users/ASUS/AppData/Local/Programs/MiKTeX/fonts/type1/public/amsfonts/cm/cmex10.pfb><C:/Users/ASUS/AppData/Local/Programs/MiKTeX/fonts/type1/public/amsfonts/cm/cmmi10.pfb><C:/Users/ASUS/AppData/Local/Programs/MiKTeX/fonts/type1/public/amsfonts/cm/cmmi12.pfb><C:/Users/ASUS/AppData/Local/Programs/MiKTeX/fonts/type1/public/amsfonts/cm/cmmi5.pfb><C:/Users/ASUS/AppData/Local/Programs/MiKTeX/fonts/type1/public/amsfonts/cm/cmmi6.pfb><C:/Users/ASUS/AppData/Local/Programs/MiKTeX/fonts/type1/public/amsfonts/cm/cmmi7.pfb><C:/Users/ASUS/AppData/Local/Programs/MiKTeX/fonts/type1/public/amsfonts/cm/cmmi8.pfb><C:/Users/ASUS/AppData/Local/Programs/MiKTeX/fonts/type1/public/amsfonts/cm/cmmib10.pfb><C:/Users/ASUS/AppData/Local/Programs/MiKTeX/fonts/type1/public/amsfonts/cmextra/cmmib6.pfb><C:/Users/ASUS/AppData/Local/Programs/MiKTeX/fonts/type1/public/amsfonts/cmextra/cmmib7.pfb><C:/Users/ASUS/AppData/Local/Programs/MiKTeX/fonts/type1/public/amsfonts/cmextra/cmmib8.pfb><C:/Users/ASUS/AppData/Local/Programs/MiKTeX/fonts/type1/public/amsfonts/cm/cmr10.pfb><C:/Users/ASUS/AppData/Local/Programs/MiKTeX/fonts/type1/public/amsfonts/cm/cmr12.pfb><C:/Users/ASUS/AppData/Local/Programs/MiKTeX/fonts/type1/public/amsfonts/cm/cmr5.pfb><C:/Users/ASUS/AppData/Local/Programs/MiKTeX/fonts/type1/public/amsfonts/cm/cmr6.pfb><C:/Users/ASUS/AppData/Local/Programs/MiKTeX/fonts/type1/public/amsfonts/cm/cmr7.pfb><C:/Users/ASUS/AppData/Local/Programs/MiKTeX/fonts/type1/public/amsfonts/cm/cmr8.pfb><C:/Users/ASUS/AppData/Local/Programs/MiKTeX/fonts/type1/public/amsfonts/cm/cmss12.pfb><C:/Users/ASUS/AppData/Local/Programs/MiKTeX/fonts/type1/public/amsfonts/cm/cmss8.pfb><C:/Users/ASUS/AppData/Local/Programs/MiKTeX/fonts/type1/public/amsfonts/cm/cmssbx10.pfb><C:/Users/ASUS/AppData/Local/Programs/MiKTeX/fonts/type1/public/amsfonts/cm/cmsy10.pfb><C:/Users/ASUS/AppData/Local/Programs/MiKTeX/fonts/type1/public/amsfonts/cm/cmsy5.pfb><C:/Users/ASUS/AppData/Local/Programs/MiKTeX/fonts/type1/public/amsfonts/cm/cmsy6.pfb><C:/Users/ASUS/AppData/Local/Programs/MiKTeX/fonts/type1/public/amsfonts/cm/cmsy7.pfb><C:/Users/ASUS/AppData/Local/Programs/MiKTeX/fonts/type1/public/amsfonts/cm/cmsy8.pfb><C:/Users/ASUS/AppData/Local/Programs/MiKTeX/fonts/type1/public/amsfonts/cm/cmti10.pfb><C:/Users/ASUS/AppData/Local/Programs/MiKTeX/fonts/type1/public/amsfonts/cm/cmti12.pfb><C:/Users/ASUS/AppData/Local/Programs/MiKTeX/fonts/type1/public/amsfonts/cm/cmtt12.pfb><C:/Users/ASUS/AppData/Local/Programs/MiKTeX/fonts/type1/public/amsfonts/euler/eufb10.pfb><C:/Users/ASUS/AppData/Local/Programs/MiKTeX/fonts/type1/public/amsfonts/euler/eufm10.pfb><C:/Users/ASUS/AppData/Local/Programs/MiKTeX/fonts/type1/public/amsfonts/symbols/msbm10.pfb><C:/Users/ASUS/AppData/Local/Programs/MiKTeX/fonts/type1/urw/helvetic/uhvb8a.pfb><C:/Users/ASUS/AppData/Local/Programs/MiKTeX/fonts/type1/urw/helvetic/uhvr8a.pfb><C:/Users/ASUS/AppData/Local/Programs/MiKTeX/fonts/type1/urw/times/utmb8a.pfb><C:/Users/ASUS/AppData/Local/Programs/MiKTeX/fonts/type1/urw/times/utmr8a.pfb><C:/Users/ASUS/AppData/Local/Programs/MiKTeX/fonts/type1/urw/times/utmri8a.pfb><C:/Users/ASUS/AppData/Local/Programs/MiKTeX/fonts/type1/urw/zapfding/uzdr.pfb>
Output written on StudentThesis_Template.pdf (139 pages, 17343234 bytes).
PDF statistics:
 4402 PDF objects out of 5155 (max. 8388607)
 868 named destinations out of 1000 (max. 500000)
 811 words of extra memory for PDF output out of 10000 (max. 10000000)

